Component: ARM Compiler 5.06 update 7 (build 960) Tool: armlink [4d3601]

==============================================================================

Section Cross References

    startup_stm32f103xb.o(STACK) refers (Special) to heapauxi.o(.text) for __use_two_region_memory
    startup_stm32f103xb.o(HEAP) refers (Special) to heapauxi.o(.text) for __use_two_region_memory
    startup_stm32f103xb.o(RESET) refers (Special) to heapauxi.o(.text) for __use_two_region_memory
    startup_stm32f103xb.o(RESET) refers to startup_stm32f103xb.o(STACK) for __initial_sp
    startup_stm32f103xb.o(RESET) refers to startup_stm32f103xb.o(.text) for Reset_Handler
    startup_stm32f103xb.o(RESET) refers to stm32f1xx_it.o(i.NMI_Handler) for NMI_Handler
    startup_stm32f103xb.o(RESET) refers to stm32f1xx_it.o(i.HardFault_Handler) for HardFault_Handler
    startup_stm32f103xb.o(RESET) refers to stm32f1xx_it.o(i.MemManage_Handler) for MemManage_Handler
    startup_stm32f103xb.o(RESET) refers to stm32f1xx_it.o(i.BusFault_Handler) for BusFault_Handler
    startup_stm32f103xb.o(RESET) refers to stm32f1xx_it.o(i.UsageFault_Handler) for UsageFault_Handler
    startup_stm32f103xb.o(RESET) refers to stm32f1xx_it.o(i.SVC_Handler) for SVC_Handler
    startup_stm32f103xb.o(RESET) refers to stm32f1xx_it.o(i.DebugMon_Handler) for DebugMon_Handler
    startup_stm32f103xb.o(RESET) refers to stm32f1xx_it.o(i.PendSV_Handler) for PendSV_Handler
    startup_stm32f103xb.o(RESET) refers to stm32f1xx_it.o(i.SysTick_Handler) for SysTick_Handler
    startup_stm32f103xb.o(RESET) refers to stm32f1xx_it.o(i.DMA1_Channel1_IRQHandler) for DMA1_Channel1_IRQHandler
    startup_stm32f103xb.o(.text) refers (Special) to heapauxi.o(.text) for __use_two_region_memory
    startup_stm32f103xb.o(.text) refers to system_stm32f1xx.o(i.SystemInit) for SystemInit
    startup_stm32f103xb.o(.text) refers to __main.o(!!!main) for __main
    startup_stm32f103xb.o(.text) refers to startup_stm32f103xb.o(HEAP) for Heap_Mem
    startup_stm32f103xb.o(.text) refers to startup_stm32f103xb.o(STACK) for Stack_Mem
    main.o(i.SystemClock_Config) refers to rt_memclr_w.o(.text) for __aeabi_memclr4
    main.o(i.SystemClock_Config) refers to stm32f1xx_hal_rcc.o(i.HAL_RCC_OscConfig) for HAL_RCC_OscConfig
    main.o(i.SystemClock_Config) refers to stm32f1xx_hal_rcc.o(i.HAL_RCC_ClockConfig) for HAL_RCC_ClockConfig
    main.o(i.SystemClock_Config) refers to stm32f1xx_hal_rcc_ex.o(i.HAL_RCCEx_PeriphCLKConfig) for HAL_RCCEx_PeriphCLKConfig
    main.o(i.main) refers to _printf_percent.o(.ARM.Collect$$_printf_percent$$00000000) for _printf_percent
    main.o(i.main) refers to _printf_d.o(.ARM.Collect$$_printf_percent$$00000009) for _printf_d
    main.o(i.main) refers to _printf_dec.o(.text) for _printf_int_dec
    main.o(i.main) refers to _printf_pad.o(.text) for _printf_pre_padding
    main.o(i.main) refers to _printf_f.o(.ARM.Collect$$_printf_percent$$00000003) for _printf_f
    main.o(i.main) refers to printf1.o(x$fpl$printf1) for _printf_fp_dec
    main.o(i.main) refers to stm32f1xx_hal.o(i.HAL_Init) for HAL_Init
    main.o(i.main) refers to main.o(i.SystemClock_Config) for SystemClock_Config
    main.o(i.main) refers to gpio.o(i.MX_GPIO_Init) for MX_GPIO_Init
    main.o(i.main) refers to dma.o(i.MX_DMA_Init) for MX_DMA_Init
    main.o(i.main) refers to adc.o(i.MX_ADC1_Init) for MX_ADC1_Init
    main.o(i.main) refers to tim.o(i.MX_TIM1_Init) for MX_TIM1_Init
    main.o(i.main) refers to i2c.o(i.MX_I2C1_Init) for MX_I2C1_Init
    main.o(i.main) refers to usart.o(i.MX_USART2_UART_Init) for MX_USART2_UART_Init
    main.o(i.main) refers to stm32f1xx_hal_adc_ex.o(i.HAL_ADCEx_Calibration_Start) for HAL_ADCEx_Calibration_Start
    main.o(i.main) refers to iic_ina226.o(i.INA226_init) for INA226_init
    main.o(i.main) refers to spi_tft144.o(i.LCD_Init) for LCD_Init
    main.o(i.main) refers to spi_tft144_gui.o(i.LCD_GetPos_Y) for LCD_GetPos_Y
    main.o(i.main) refers to spi_tft144_gui.o(i.LCD_GetPos_X) for LCD_GetPos_X
    main.o(i.main) refers to spi_tft144_gui.o(i.LCD_ShowString) for LCD_ShowString
    main.o(i.main) refers to stm32f1xx_hal_tim.o(i.HAL_TIM_PWM_Start) for HAL_TIM_PWM_Start
    main.o(i.main) refers to stm32f1xx_hal.o(i.HAL_GetTick) for HAL_GetTick
    main.o(i.main) refers to stm32f1xx_hal.o(i.HAL_Delay) for HAL_Delay
    main.o(i.main) refers to tim_sg90.o(i.sg90_RotateAngle) for sg90_RotateAngle
    main.o(i.main) refers to adc_sampling.o(i.ADC_Get_Average) for ADC_Get_Average
    main.o(i.main) refers to noretval__2sprintf.o(.text) for __2sprintf
    main.o(i.main) refers to iic_ina226.o(i.INA226_GetBusV) for INA226_GetBusV
    main.o(i.main) refers to f2d.o(x$fpl$f2d) for __aeabi_f2d
    main.o(i.main) refers to daddsub_clz.o(x$fpl$dsub) for __aeabi_dsub
    main.o(i.main) refers to ddiv.o(x$fpl$ddiv) for __aeabi_ddiv
    main.o(i.main) refers to d2f.o(x$fpl$d2f) for __aeabi_d2f
    main.o(i.main) refers to fmul.o(x$fpl$fmul) for __aeabi_fmul
[...]
    .ARM.Collect$$libshutdown$$00000011      0x08000186   Section        0  libshutdown2.o(.ARM.Collect$$libshutdown$$00000011)
    .ARM.Collect$$libshutdown$$00000012      0x08000186   Section        2  libshutdown2.o(.ARM.Collect$$libshutdown$$00000012)
    .ARM.Collect$$rtentry$$00000000          0x08000188   Section        0  __rtentry.o(.ARM.Collect$$rtentry$$00000000)
    .ARM.Collect$$rtentry$$00000002          0x08000188   Section        0  __rtentry2.o(.ARM.Collect$$rtentry$$00000002)
    .ARM.Collect$$rtentry$$00000004          0x08000188   Section        6  __rtentry4.o(.ARM.Collect$$rtentry$$00000004)
    .ARM.Collect$$rtentry$$00000009          0x0800018e   Section        0  __rtentry2.o(.ARM.Collect$$rtentry$$00000009)
    .ARM.Collect$$rtentry$$0000000A          0x0800018e   Section        4  __rtentry2.o(.ARM.Collect$$rtentry$$0000000A)
    .ARM.Collect$$rtentry$$0000000C          0x08000192   Section        0  __rtentry2.o(.ARM.Collect$$rtentry$$0000000C)
    .ARM.Collect$$rtentry$$0000000D          0x08000192   Section        8  __rtentry2.o(.ARM.Collect$$rtentry$$0000000D)
    .ARM.Collect$$rtexit$$00000000           0x0800019a   Section        2  rtexit.o(.ARM.Collect$$rtexit$$00000000)
    .ARM.Collect$$rtexit$$00000002           0x0800019c   Section        0  rtexit2.o(.ARM.Collect$$rtexit$$00000002)
    .ARM.Collect$$rtexit$$00000003           0x0800019c   Section        4  rtexit2.o(.ARM.Collect$$rtexit$$00000003)
    .ARM.Collect$$rtexit$$00000004           0x080001a0   Section        6  rtexit2.o(.ARM.Collect$$rtexit$$00000004)
    .text                                    0x080001a8   Section       64  startup_stm32f103xb.o(.text)
    .text                                    0x080001e8   Section        0  noretval__2sprintf.o(.text)
    .text                                    0x08000210   Section        0  _printf_pad.o(.text)
    .text                                    0x08000260   Section        0  _printf_dec.o(.text)
    .text                                    0x080002d8   Section        0  __printf_flags_wp.o(.text)
    .text                                    0x08000410   Section       78  rt_memclr_w.o(.text)
    .text                                    0x0800045e   Section        0  heapauxi.o(.text)
    .text                                    0x08000464   Section        0  _printf_intcommon.o(.text)
    .text                                    0x08000516   Section        0  _printf_fp_dec.o(.text)
    _fp_digits                               0x08000519   Thumb Code   432  _printf_fp_dec.o(.text)
    .text                                    0x08000934   Section        0  _printf_char_common.o(.text)
    _printf_input_char                       0x08000935   Thumb Code    10  _printf_char_common.o(.text)
    .text                                    0x08000964   Section        0  _sputc.o(.text)
    .text                                    0x08000970   Section        8  rt_locale_intlibspace.o(.text)
    .text                                    0x08000978   Section      138  lludiv10.o(.text)
    .text                                    0x08000a04   Section        0  _printf_fp_infnan.o(.text)
    .text                                    0x08000a84   Section        0  bigflt0.o(.text)
    .text                                    0x08000b68   Section        8  libspace.o(.text)
    .text                                    0x08000b70   Section       74  sys_stackheap_outer.o(.text)
    .text                                    0x08000bba   Section        0  exit.o(.text)
    .text                                    0x08000bcc   Section      128  strcmpv7m.o(.text)
    .text                                    0x08000c4c   Section        0  sys_exit.o(.text)
    .text                                    0x08000c58   Section        2  use_no_semi.o(.text)
    .text                                    0x08000c5a   Section        0  indicate_semi.o(.text)
    CL$$btod_d2e                             0x08000c5a   Section       62  btod.o(CL$$btod_d2e)
    CL$$btod_d2e_denorm_low                  0x08000c98   Section       70  btod.o(CL$$btod_d2e_denorm_low)
    CL$$btod_d2e_norm_op1                    0x08000cde   Section       96  btod.o(CL$$btod_d2e_norm_op1)
    CL$$btod_div_common                      0x08000d3e   Section      824  btod.o(CL$$btod_div_common)
    CL$$btod_e2e                             0x08001076   Section      220  btod.o(CL$$btod_e2e)
    CL$$btod_ediv                            0x08001152   Section       42  btod.o(CL$$btod_ediv)
    CL$$btod_emul                            0x0800117c   Section       42  btod.o(CL$$btod_emul)
    CL$$btod_mult_common                     0x080011a6   Section      580  btod.o(CL$$btod_mult_common)
    i.ADC_ConversionStop_Disable             0x080013ec   Section        0  stm32f1xx_hal_adc.o(i.ADC_ConversionStop_Disable)
    i.ADC_Enable                             0x08001444   Section        0  stm32f1xx_hal_adc.o(i.ADC_Enable)
    i.ADC_Get_Average                        0x080014c0   Section        0  adc_sampling.o(i.ADC_Get_Average)
    i.BusFault_Handler                       0x08001534   Section        0  stm32f1xx_it.o(i.BusFault_Handler)
    i.DMA1_Channel1_IRQHandler               0x08001538   Section        0  stm32f1xx_it.o(i.DMA1_Channel1_IRQHandler)
    i.DebugMon_Handler                       0x08001544   Section        0  stm32f1xx_it.o(i.DebugMon_Handler)
    i.Error_Handler                          0x08001546   Section        0  main.o(i.Error_Handler)
    i.HAL_ADCEx_Calibration_Start            0x0800154c   Section        0  stm32f1xx_hal_adc_ex.o(i.HAL_ADCEx_Calibration_Start)
    i.HAL_ADC_ConfigChannel                  0x08001624   Section        0  stm32f1xx_hal_adc.o(i.HAL_ADC_ConfigChannel)
    i.HAL_ADC_GetValue                       0x08001720   Section        0  stm32f1xx_hal_adc.o(i.HAL_ADC_GetValue)
    i.HAL_ADC_Init                           0x08001728   Section        0  stm32f1xx_hal_adc.o(i.HAL_ADC_Init)
    i.HAL_ADC_MspInit                        0x08001844   Section        0  adc.o(i.HAL_ADC_MspInit)
    i.HAL_ADC_PollForConversion              0x080018d4   Section        0  stm32f1xx_hal_adc.o(i.HAL_ADC_PollForConversion)
    i.HAL_ADC_Start                          0x08001a10   Section        0  stm32f1xx_hal_adc.o(i.HAL_ADC_Start)
    i.HAL_ADC_Stop                           0x08001ad0   Section        0  stm32f1xx_hal_adc.o(i.HAL_ADC_Stop)
    i.HAL_DMA_IRQHandler                     0x08001b04   Section        0  stm32f1xx_hal_dma.o(i.HAL_DMA_IRQHandler)
    i.HAL_DMA_Init                           0x08001c58   Section        0  stm32f1xx_hal_dma.o(i.HAL_DMA_Init)
    i.HAL_Delay                              0x08001cb4   Section        0  stm32f1xx_hal.o(i.HAL_Delay)
    i.HAL_GPIO_Init                          0x08001cd8   Section        0  stm32f1xx_hal_gpio.o(i.HAL_GPIO_Init)
    i.HAL_GPIO_WritePin                      0x08001eb8   Section        0  stm32f1xx_hal_gpio.o(i.HAL_GPIO_WritePin)
    i.HAL_GetTick                            0x08001ec4   Section        0  stm32f1xx_hal.o(i.HAL_GetTick)
    i.HAL_I2C_Init                           0x08001ed0   Section        0  stm32f1xx_hal_i2c.o(i.HAL_I2C_Init)
    i.HAL_I2C_Master_Receive                 0x08002058   Section        0  stm32f1xx_hal_i2c.o(i.HAL_I2C_Master_Receive)
    i.HAL_I2C_Master_Transmit                0x080022a8   Section        0  stm32f1xx_hal_i2c.o(i.HAL_I2C_Master_Transmit)
    i.HAL_I2C_MspInit                        0x080023d4   Section        0  i2c.o(i.HAL_I2C_MspInit)
    i.HAL_IncTick                            0x08002444   Section        0  stm32f1xx_hal.o(i.HAL_IncTick)
    i.HAL_Init                               0x08002454   Section        0  stm32f1xx_hal.o(i.HAL_Init)
    i.HAL_InitTick                           0x08002478   Section        0  stm32f1xx_hal.o(i.HAL_InitTick)
    i.HAL_MspInit                            0x080024b8   Section        0  stm32f1xx_hal_msp.o(i.HAL_MspInit)
    i.HAL_NVIC_EnableIRQ                     0x080024f4   Section        0  stm32f1xx_hal_cortex.o(i.HAL_NVIC_EnableIRQ)
    i.HAL_NVIC_SetPriority                   0x08002510   Section        0  stm32f1xx_hal_cortex.o(i.HAL_NVIC_SetPriority)
    i.HAL_NVIC_SetPriorityGrouping           0x08002550   Section        0  stm32f1xx_hal_cortex.o(i.HAL_NVIC_SetPriorityGrouping)
    i.HAL_RCCEx_GetPeriphCLKFreq             0x08002574   Section        0  stm32f1xx_hal_rcc_ex.o(i.HAL_RCCEx_GetPeriphCLKFreq)
    i.HAL_RCCEx_PeriphCLKConfig              0x08002618   Section        0  stm32f1xx_hal_rcc_ex.o(i.HAL_RCCEx_PeriphCLKConfig)
    i.HAL_RCC_ClockConfig                    0x08002704   Section        0  stm32f1xx_hal_rcc.o(i.HAL_RCC_ClockConfig)
    i.HAL_RCC_GetPCLK1Freq                   0x08002830   Section        0  stm32f1xx_hal_rcc.o(i.HAL_RCC_GetPCLK1Freq)
    i.HAL_RCC_GetPCLK2Freq                   0x08002850   Section        0  stm32f1xx_hal_rcc.o(i.HAL_RCC_GetPCLK2Freq)
    i.HAL_RCC_GetSysClockFreq                0x08002870   Section        0  stm32f1xx_hal_rcc.o(i.HAL_RCC_GetSysClockFreq)
    i.HAL_RCC_OscConfig                      0x080028bc   Section        0  stm32f1xx_hal_rcc.o(i.HAL_RCC_OscConfig)
    i.HAL_SYSTICK_Config                     0x08002bdc   Section        0  stm32f1xx_hal_cortex.o(i.HAL_SYSTICK_Config)
    i.HAL_TIMEx_ConfigBreakDeadTime          0x08002c04   Section        0  stm32f1xx_hal_tim_ex.o(i.HAL_TIMEx_ConfigBreakDeadTime)
    i.HAL_TIMEx_MasterConfigSynchronization  0x08002c58   Section        0  stm32f1xx_hal_tim_ex.o(i.HAL_TIMEx_MasterConfigSynchronization)
    i.HAL_TIM_MspPostInit                    0x08002cc0   Section        0  tim.o(i.HAL_TIM_MspPostInit)
    i.HAL_TIM_PWM_ConfigChannel              0x08002d0c   Section        0  stm32f1xx_hal_tim.o(i.HAL_TIM_PWM_ConfigChannel)
    i.HAL_TIM_PWM_Init                       0x08002dd8   Section        0  stm32f1xx_hal_tim.o(i.HAL_TIM_PWM_Init)
    i.HAL_TIM_PWM_MspInit                    0x08002e34   Section        0  tim.o(i.HAL_TIM_PWM_MspInit)
    i.HAL_TIM_PWM_Start                      0x08002e5c   Section        0  stm32f1xx_hal_tim.o(i.HAL_TIM_PWM_Start)
    i.HAL_UART_Init                          0x08002ef8   Section        0  stm32f1xx_hal_uart.o(i.HAL_UART_Init)
    i.HAL_UART_MspInit                       0x08002f5c   Section        0  usart.o(i.HAL_UART_MspInit)
    i.HardFault_Handler                      0x08002fcc   Section        0  stm32f1xx_it.o(i.HardFault_Handler)
    i.I2C_IsAcknowledgeFailed                0x08002fce   Section        0  stm32f1xx_hal_i2c.o(i.I2C_IsAcknowledgeFailed)
    I2C_IsAcknowledgeFailed                  0x08002fcf   Thumb Code    46  stm32f1xx_hal_i2c.o(i.I2C_IsAcknowledgeFailed)
    i.I2C_MasterRequestRead                  0x08002ffc   Section        0  stm32f1xx_hal_i2c.o(i.I2C_MasterRequestRead)
    I2C_MasterRequestRead                    0x08002ffd   Thumb Code   230  stm32f1xx_hal_i2c.o(i.I2C_MasterRequestRead)
    i.I2C_MasterRequestWrite                 0x080030e8   Section        0  stm32f1xx_hal_i2c.o(i.I2C_MasterRequestWrite)
    I2C_MasterRequestWrite                   0x080030e9   Thumb Code   150  stm32f1xx_hal_i2c.o(i.I2C_MasterRequestWrite)
    i.I2C_WaitOnBTFFlagUntilTimeout          0x08003184   Section        0  stm32f1xx_hal_i2c.o(i.I2C_WaitOnBTFFlagUntilTimeout)
    I2C_WaitOnBTFFlagUntilTimeout            0x08003185   Thumb Code    86  stm32f1xx_hal_i2c.o(i.I2C_WaitOnBTFFlagUntilTimeout)
    i.I2C_WaitOnFlagUntilTimeout             0x080031dc   Section        0  stm32f1xx_hal_i2c.o(i.I2C_WaitOnFlagUntilTimeout)
    I2C_WaitOnFlagUntilTimeout               0x080031dd   Thumb Code   144  stm32f1xx_hal_i2c.o(i.I2C_WaitOnFlagUntilTimeout)
    i.I2C_WaitOnMasterAddressFlagUntilTimeout 0x0800326c   Section        0  stm32f1xx_hal_i2c.o(i.I2C_WaitOnMasterAddressFlagUntilTimeout)
    I2C_WaitOnMasterAddressFlagUntilTimeout  0x0800326d   Thumb Code   188  stm32f1xx_hal_i2c.o(i.I2C_WaitOnMasterAddressFlagUntilTimeout)
    i.I2C_WaitOnRXNEFlagUntilTimeout         0x08003328   Section        0  stm32f1xx_hal_i2c.o(i.I2C_WaitOnRXNEFlagUntilTimeout)
    I2C_WaitOnRXNEFlagUntilTimeout           0x08003329   Thumb Code   112  stm32f1xx_hal_i2c.o(i.I2C_WaitOnRXNEFlagUntilTimeout)
    i.I2C_WaitOnTXEFlagUntilTimeout          0x08003398   Section        0  stm32f1xx_hal_i2c.o(i.I2C_WaitOnTXEFlagUntilTimeout)
    I2C_WaitOnTXEFlagUntilTimeout            0x08003399   Thumb Code    86  stm32f1xx_hal_i2c.o(i.I2C_WaitOnTXEFlagUntilTimeout)
    i.INA226_GetBusV                         0x080033f0   Section        0  iic_ina226.o(i.INA226_GetBusV)
    i.INA226_GetBusVReg                      0x08003408   Section        0  iic_ina226.o(i.INA226_GetBusVReg)
    i.INA226_SetCalibrationReg               0x08003444   Section        0  iic_ina226.o(i.INA226_SetCalibrationReg)
    i.INA226_SetConfig                       0x0800346c   Section        0  iic_ina226.o(i.INA226_SetConfig)
    i.INA226_init                            0x08003494   Section        0  iic_ina226.o(i.INA226_init)
    i.LCD_Clear                              0x080034ac   Section        0  spi_tft144.o(i.LCD_Clear)
    i.LCD_DCET                               0x080034f4   Section        0  spi_tft144.o(i.LCD_DCET)
    i.LCD_DrawMatrixCode                     0x08003520   Section        0  spi_tft144_gui.o(i.LCD_DrawMatrixCode)
    i.LCD_DrawPoint                          0x0800359c   Section        0  spi_tft144.o(i.LCD_DrawPoint)
    i.LCD_GetPos_X                           0x080035b4   Section        0  spi_tft144_gui.o(i.LCD_GetPos_X)
    i.LCD_GetPos_Y                           0x080035d0   Section        0  spi_tft144_gui.o(i.LCD_GetPos_Y)
    i.LCD_Init                               0x080035e8   Section        0  spi_tft144.o(i.LCD_Init)
    i.LCD_ScanLine_Byte                      0x0800382c   Section        0  spi_tft144_gui.o(i.LCD_ScanLine_Byte)
    i.LCD_SetCursor                          0x08003888   Section        0  spi_tft144.o(i.LCD_SetCursor)
    i.LCD_SetWindows                         0x08003890   Section        0  spi_tft144.o(i.LCD_SetWindows)
    i.LCD_ShowChar                           0x080038fc   Section        0  spi_tft144_gui.o(i.LCD_ShowChar)
    i.LCD_ShowString                         0x08003988   Section        0  spi_tft144_gui.o(i.LCD_ShowString)
    i.LCD_WR_DATA                            0x080039e8   Section        0  spi_tft144.o(i.LCD_WR_DATA)
    i.LCD_WR_REG                             0x08003a20   Section        0  spi_tft144.o(i.LCD_WR_REG)
    i.LCD_WriteData_16Bit                    0x08003a58   Section        0  spi_tft144.o(i.LCD_WriteData_16Bit)
    i.LCD_WriteRAM_Prepare                   0x08003a94   Section        0  spi_tft144.o(i.LCD_WriteRAM_Prepare)
    i.LCD_WriteReg                           0x08003aa0   Section        0  spi_tft144.o(i.LCD_WriteReg)
    i.LCD_direction                          0x08003ab4   Section        0  spi_tft144.o(i.LCD_direction)
    i.MX_ADC1_Init                           0x08003b20   Section        0  adc.o(i.MX_ADC1_Init)
    i.MX_DMA_Init                            0x08003ba4   Section        0  dma.o(i.MX_DMA_Init)
    i.MX_GPIO_Init                           0x08003bd0   Section        0  gpio.o(i.MX_GPIO_Init)
    i.MX_I2C1_Init                           0x08003c40   Section        0  i2c.o(i.MX_I2C1_Init)
    i.MX_TIM1_Init                           0x08003c80   Section        0  tim.o(i.MX_TIM1_Init)
    i.MX_USART2_UART_Init                    0x08003d34   Section        0  usart.o(i.MX_USART2_UART_Init)
    i.MemManage_Handler                      0x08003d6c   Section        0  stm32f1xx_it.o(i.MemManage_Handler)
    i.My_Font_GetCodeSize_ASCII              0x08003d6e   Section        0  spi_tft144_gui.o(i.My_Font_GetCodeSize_ASCII)
    i.NMI_Handler                            0x08003d82   Section        0  stm32f1xx_it.o(i.NMI_Handler)
    i.PendSV_Handler                         0x08003d84   Section        0  stm32f1xx_it.o(i.PendSV_Handler)
    i.SPIv_WriteData                         0x08003d88   Section        0  spi_tft144.o(i.SPIv_WriteData)
    i.SVC_Handler                            0x08003dd4   Section        0  stm32f1xx_it.o(i.SVC_Handler)
    i.SysTick_Handler                        0x08003dd6   Section        0  stm32f1xx_it.o(i.SysTick_Handler)
    i.SystemClock_Config                     0x08003dda   Section        0  main.o(i.SystemClock_Config)
    i.SystemInit                             0x08003e52   Section        0  system_stm32f1xx.o(i.SystemInit)
    i.TIM_Base_SetConfig                     0x08003e54   Section        0  stm32f1xx_hal_tim.o(i.TIM_Base_SetConfig)
    i.TIM_CCxChannelCmd                      0x08003ec0   Section        0  stm32f1xx_hal_tim.o(i.TIM_CCxChannelCmd)
    i.TIM_OC1_SetConfig                      0x08003edc   Section        0  stm32f1xx_hal_tim.o(i.TIM_OC1_SetConfig)
    TIM_OC1_SetConfig                        0x08003edd   Thumb Code    74  stm32f1xx_hal_tim.o(i.TIM_OC1_SetConfig)
    i.TIM_OC2_SetConfig                      0x08003f2c   Section        0  stm32f1xx_hal_tim.o(i.TIM_OC2_SetConfig)
    i.TIM_OC3_SetConfig                      0x08003f84   Section        0  stm32f1xx_hal_tim.o(i.TIM_OC3_SetConfig)
    TIM_OC3_SetConfig                        0x08003f85   Thumb Code    82  stm32f1xx_hal_tim.o(i.TIM_OC3_SetConfig)
    i.TIM_OC4_SetConfig                      0x08003fdc   Section        0  stm32f1xx_hal_tim.o(i.TIM_OC4_SetConfig)
    TIM_OC4_SetConfig                        0x08003fdd   Thumb Code    64  stm32f1xx_hal_tim.o(i.TIM_OC4_SetConfig)
    i.UART_SetConfig                         0x08004020   Section        0  stm32f1xx_hal_uart.o(i.UART_SetConfig)
    UART_SetConfig                           0x08004021   Thumb Code   178  stm32f1xx_hal_uart.o(i.UART_SetConfig)
    i.UsageFault_Handler                     0x080040d8   Section        0  stm32f1xx_it.o(i.UsageFault_Handler)
    i.__ARM_fpclassify                       0x080040da   Section        0  fpclassify.o(i.__ARM_fpclassify)
    i.__NVIC_SetPriority                     0x08004102   Section        0  stm32f1xx_hal_cortex.o(i.__NVIC_SetPriority)
    __NVIC_SetPriority                       0x08004103   Thumb Code    32  stm32f1xx_hal_cortex.o(i.__NVIC_SetPriority)
    i._is_digit                              0x08004122   Section        0  __printf_wp.o(i._is_digit)
    i.main                                   0x08004130   Section        0  main.o(i.main)
    i.sg90_RotateAngle                       0x080044c0   Section        0  tim_sg90.o(i.sg90_RotateAngle)
    locale$$code                             0x08004524   Section       44  lc_numeric_c.o(locale$$code)
    x$fpl$d2f                                0x08004550   Section       98  d2f.o(x$fpl$d2f)
    x$fpl$dadd                               0x080045b4   Section      336  daddsub_clz.o(x$fpl$dadd)
    _dadd1                                   0x080045c5   Thumb Code     0  daddsub_clz.o(x$fpl$dadd)
    x$fpl$ddiv                               0x08004704   Section      688  ddiv.o(x$fpl$ddiv)
    ddiv_entry                               0x0800470b   Thumb Code     0  ddiv.o(x$fpl$ddiv)
    x$fpl$dnaninf                            0x080049b4   Section      156  dnaninf.o(x$fpl$dnaninf)
    x$fpl$dretinf                            0x08004a50   Section       12  dretinf.o(x$fpl$dretinf)
    x$fpl$dsub                               0x08004a5c   Section      468  daddsub_clz.o(x$fpl$dsub)
    _dsub1                                   0x08004a6d   Thumb Code     0  daddsub_clz.o(x$fpl$dsub)
    x$fpl$f2d                                0x08004c30   Section       86  f2d.o(x$fpl$f2d)
    x$fpl$ffix                               0x08004c88   Section       54  ffix.o(x$fpl$ffix)
    x$fpl$ffltu                              0x08004cc0   Section       38  fflt_clz.o(x$fpl$ffltu)
    x$fpl$fmul                               0x08004ce8   Section      258  fmul.o(x$fpl$fmul)
    x$fpl$fnaninf                            0x08004dea   Section      140  fnaninf.o(x$fpl$fnaninf)
    x$fpl$fretinf                            0x08004e76   Section       10  fretinf.o(x$fpl$fretinf)
    x$fpl$printf1                            0x08004e80   Section        4  printf1.o(x$fpl$printf1)
    .constdata                               0x08004e84   Section       18  stm32f1xx_hal_rcc.o(.constdata)
    x$fpl$usenofp                            0x08004e84   Section        0  usenofp.o(x$fpl$usenofp)
    aPredivFactorTable                       0x08004e84   Data           2  stm32f1xx_hal_rcc.o(.constdata)
    aPLLMULFactorTable                       0x08004e86   Data          16  stm32f1xx_hal_rcc.o(.constdata)
    .constdata                               0x08004e96   Section       18  stm32f1xx_hal_rcc_ex.o(.constdata)
    aPredivFactorTable                       0x08004e96   Data           2  stm32f1xx_hal_rcc_ex.o(.constdata)
    aPLLMULFactorTable                       0x08004e98   Data          16  stm32f1xx_hal_rcc_ex.o(.constdata)
    .constdata                               0x08004ea8   Section       16  system_stm32f1xx.o(.constdata)
    .constdata                               0x08004eb8   Section        8  system_stm32f1xx.o(.constdata)
    .constdata                               0x08004ec0   Section     1520  spi_tft144_gui.o(.constdata)
    asc2_1608                                0x08004ec0   Data        1520  spi_tft144_gui.o(.constdata)
    .constdata                               0x080054b0   Section       17  __printf_flags_wp.o(.constdata)
    maptable                                 0x080054b0   Data          17  __printf_flags_wp.o(.constdata)
    .constdata                               0x080054c4   Section      148  bigflt0.o(.constdata)
    tenpwrs_x                                0x080054c4   Data          60  bigflt0.o(.constdata)
    tenpwrs_i                                0x08005500   Data          64  bigflt0.o(.constdata)
    locale$$data                             0x08005578   Section       28  lc_numeric_c.o(locale$$data)
    __lcnum_c_name                           0x0800557c   Data           2  lc_numeric_c.o(locale$$data)
    __lcnum_c_start                          0x08005584   Data           0  lc_numeric_c.o(locale$$data)
    __lcnum_c_point                          0x08005590   Data           0  lc_numeric_c.o(locale$$data)
    __lcnum_c_thousands                      0x08005592   Data           0  lc_numeric_c.o(locale$$data)
    __lcnum_c_grouping                       0x08005593   Data           0  lc_numeric_c.o(locale$$data)
    __lcnum_c_end                            0x08005594   Data           0  lc_numeric_c.o(locale$$data)
    .data                                    0x20000000   Section       24  main.o(.data)
    .data                                    0x20000018   Section       12  stm32f1xx_hal.o(.data)
    .data                                    0x20000024   Section        4  system_stm32f1xx.o(.data)
    .data                                    0x20000028   Section        8  tim_sg90.o(.data)
    sg90_1_angle                             0x20000028   Data           4  tim_sg90.o(.data)
    sg90_2_angle                             0x2000002c   Data           4  tim_sg90.o(.data)
    .data                                    0x20000030   Section        4  spi_tft144.o(.data)
    .bss                                     0x20000034   Section       25  main.o(.bss)
    .bss                                     0x20000050   Section      116  adc.o(.bss)
    .bss                                     0x200000c4   Section       84  i2c.o(.bss)
    .bss                                     0x20000118   Section       72  tim.o(.bss)
    .bss                                     0x20000160   Section       72  usart.o(.bss)
    .bss                                     0x200001a8   Section       16  spi_tft144.o(.bss)
    .bss                                     0x200001b8   Section       96  libspace.o(.bss)
    HEAP                                     0x20000218   Section      512  startup_stm32f103xb.o(HEAP)
    Heap_Mem                                 0x20000218   Data         512  startup_stm32f103xb.o(HEAP)
    STACK                                    0x20000418   Section     1024  startup_stm32f103xb.o(STACK)
    Stack_Mem                                0x20000418   Data        1024  startup_stm32f103xb.o(STACK)
    __initial_sp                             0x20000818   Data           0  startup_stm32f103xb.o(STACK)

    Global Symbols

    Symbol Name                              Value     Ov Type        Size  Object(Section)

    BuildAttributes$$THM_ISAv4$P$D$K$B$S$PE$A:L22UL41UL21$X:L11$S22US41US21$IEEE1$IW$USESV6$~STKCKD$USESV7$~SHL$OTIME$ROPI$IEEEJ$EBA8$UX$STANDARDLIB$REQ8$PRES8$EABIv2 0x00000000   Number         0  anon$$obj.o ABSOLUTE
    __ARM_use_no_argv                        0x00000000   Number         0  main.o ABSOLUTE
    _printf_flags                            0x00000000   Number         0  printf_stubs.o ABSOLUTE
    _printf_return_value                     0x00000000   Number         0  printf_stubs.o ABSOLUTE
    _printf_sizespec                         0x00000000   Number         0  printf_stubs.o ABSOLUTE
    _printf_widthprec                        0x00000000   Number         0  printf_stubs.o ABSOLUTE
    __ARM_exceptions_init                     - Undefined Weak Reference
    __alloca_initialize                       - Undefined Weak Reference
    __arm_fini_                               - Undefined Weak Reference
    __arm_preinit_                            - Undefined Weak Reference
    __cpp_initialize__aeabi_                  - Undefined Weak Reference
    __cxa_finalize                            - Undefined Weak Reference
    __sigvec_lookup                           - Undefined Weak Reference
    _atexit_init                              - Undefined Weak Reference
    _call_atexit_fns                          - Undefined Weak Reference
    _clock_init                               - Undefined Weak Reference
    _fp_trap_init                             - Undefined Weak Reference
    _fp_trap_shutdown                         - Undefined Weak Reference
    _get_lc_collate                           - Undefined Weak Reference
    _get_lc_ctype                             - Undefined Weak Reference
    _get_lc_monetary                          - Undefined Weak Reference
    _get_lc_time                              - Undefined Weak Reference
    _getenv_init                              - Undefined Weak Reference
    _handle_redirection                       - Undefined Weak Reference
    _init_alloc                               - Undefined Weak Reference
    _init_user_alloc                          - Undefined Weak Reference
    _initio                                   - Undefined Weak Reference
    _printf_truncate_signed                   - Undefined Weak Reference
    _printf_truncate_unsigned                 - Undefined Weak Reference
    _rand_init                                - Undefined Weak Reference
    _signal_finish                            - Undefined Weak Reference
    _signal_init                              - Undefined Weak Reference
    _terminate_alloc                          - Undefined Weak Reference
    _terminate_user_alloc                     - Undefined Weak Reference
    _terminateio                              - Undefined Weak Reference
    __Vectors_Size                           0x000000ec   Number         0  startup_stm32f103xb.o ABSOLUTE
    __Vectors                                0x08000000   Data           4  startup_stm32f103xb.o(RESET)
    __Vectors_End                            0x080000ec   Data           0  startup_stm32f103xb.o(RESET)
    __main                                   0x080000ed   Thumb Code     8  __main.o(!!!main)
    __scatterload                            0x080000f5   Thumb Code     0  __scatter.o(!!!scatter)
    __scatterload_rt2                        0x080000f5   Thumb Code    44  __scatter.o(!!!scatter)
    __scatterload_rt2_thumb_only             0x080000f5   Thumb Code     0  __scatter.o(!!!scatter)
    __scatterload_null                       0x08000103   Thumb Code     0  __scatter.o(!!!scatter)
    __scatterload_copy                       0x08000129   Thumb Code    26  __scatter_copy.o(!!handler_copy)
    __scatterload_zeroinit                   0x08000145   Thumb Code    28  __scatter_zi.o(!!handler_zi)
    _printf_f                                0x08000161   Thumb Code     0  _printf_f.o(.ARM.Collect$$_printf_percent$$00000003)
    _printf_percent                          0x08000161   Thumb Code     0  _printf_percent.o(.ARM.Collect$$_printf_percent$$00000000)
    _printf_d                                0x08000167   Thumb Code     0  _printf_d.o(.ARM.Collect$$_printf_percent$$00000009)
    _printf_percent_end                      0x0800016d   Thumb Code     0  _printf_percent_end.o(.ARM.Collect$$_printf_percent$$00000017)
    __rt_lib_init                            0x08000171   Thumb Code     0  libinit.o(.ARM.Collect$$libinit$$00000000)
    __rt_lib_init_fp_1                       0x08000173   Thumb Code     0  libinit2.o(.ARM.Collect$$libinit$$00000002)
    __rt_lib_init_heap_1                     0x08000173   Thumb Code     0  libinit2.o(.ARM.Collect$$libinit$$0000000A)
    __rt_lib_init_lc_common                  0x08000173   Thumb Code     0  libinit2.o(.ARM.Collect$$libinit$$0000000F)
    __rt_lib_init_preinit_1                  0x08000173   Thumb Code     0  libinit2.o(.ARM.Collect$$libinit$$00000004)
    __rt_lib_init_rand_1                     0x08000173   Thumb Code     0  libinit2.o(.ARM.Collect$$libinit$$0000000E)
    __rt_lib_init_user_alloc_1               0x08000173   Thumb Code     0  libinit2.o(.ARM.Collect$$libinit$$0000000C)
    __rt_lib_init_lc_collate_1               0x08000179   Thumb Code     0  libinit2.o(.ARM.Collect$$libinit$$00000011)
    __rt_lib_init_lc_ctype_1                 0x08000179   Thumb Code     0  libinit2.o(.ARM.Collect$$libinit$$00000013)
    __rt_lib_init_lc_monetary_1              0x08000179   Thumb Code     0  libinit2.o(.ARM.Collect$$libinit$$00000015)
    __rt_lib_init_lc_numeric_2               0x08000179   Thumb Code     0  libinit2.o(.ARM.Collect$$libinit$$00000016)
    __rt_lib_init_alloca_1                   0x08000183   Thumb Code     0  libinit2.o(.ARM.Collect$$libinit$$0000002E)
    __rt_lib_init_argv_1                     0x08000183   Thumb Code     0  libinit2.o(.ARM.Collect$$libinit$$0000002C)
    __rt_lib_init_atexit_1                   0x08000183   Thumb Code     0  libinit2.o(.ARM.Collect$$libinit$$0000001B)
    __rt_lib_init_clock_1                    0x08000183   Thumb Code     0  libinit2.o(.ARM.Collect$$libinit$$00000021)
    __rt_lib_init_cpp_1                      0x08000183   Thumb Code     0  libinit2.o(.ARM.Collect$$libinit$$00000032)
    __rt_lib_init_exceptions_1               0x08000183   Thumb Code     0  libinit2.o(.ARM.Collect$$libinit$$00000030)
    __rt_lib_init_fp_trap_1                  0x08000183   Thumb Code     0  libinit2.o(.ARM.Collect$$libinit$$0000001F)
    __rt_lib_init_getenv_1                   0x08000183   Thumb Code     0  libinit2.o(.ARM.Collect$$libinit$$00000023)
    __rt_lib_init_lc_numeric_1               0x08000183   Thumb Code     0  libinit2.o(.ARM.Collect$$libinit$$00000017)
    __rt_lib_init_lc_time_1                  0x08000183   Thumb Code     0  libinit2.o(.ARM.Collect$$libinit$$00000019)
    __rt_lib_init_return                     0x08000183   Thumb Code     0  libinit2.o(.ARM.Collect$$libinit$$00000033)
    __rt_lib_init_signal_1                   0x08000183   Thumb Code     0  libinit2.o(.ARM.Collect$$libinit$$0000001D)
    __rt_lib_init_stdio_1                    0x08000183   Thumb Code     0  libinit2.o(.ARM.Collect$$libinit$$00000025)
    __rt_lib_shutdown                        0x08000185   Thumb Code     0  libshutdown.o(.ARM.Collect$$libshutdown$$00000000)
    __rt_lib_shutdown_cpp_1                  0x08000187   Thumb Code     0  libshutdown2.o(.ARM.Collect$$libshutdown$$00000004)
    __rt_lib_shutdown_fini_1                 0x08000187   Thumb Code     0  libshutdown2.o(.ARM.Collect$$libshutdown$$00000002)
    __rt_lib_shutdown_fp_trap_1              0x08000187   Thumb Code     0  libshutdown2.o(.ARM.Collect$$libshutdown$$00000009)
    __rt_lib_shutdown_heap_1                 0x08000187   Thumb Code     0  libshutdown2.o(.ARM.Collect$$libshutdown$$00000011)
    __rt_lib_shutdown_return                 0x08000187   Thumb Code     0  libshutdown2.o(.ARM.Collect$$libshutdown$$00000012)
    __rt_lib_shutdown_signal_1               0x08000187   Thumb Code     0  libshutdown2.o(.ARM.Collect$$libshutdown$$0000000C)
    __rt_lib_shutdown_stdio_1                0x08000187   Thumb Code     0  libshutdown2.o(.ARM.Collect$$libshutdown$$00000006)
    __rt_lib_shutdown_user_alloc_1           0x08000187   Thumb Code     0  libshutdown2.o(.ARM.Collect$$libshutdown$$0000000E)
    __rt_entry                               0x08000189   Thumb Code     0  __rtentry.o(.ARM.Collect$$rtentry$$00000000)
    __rt_entry_presh_1                       0x08000189   Thumb Code     0  __rtentry2.o(.ARM.Collect$$rtentry$$00000002)
    __rt_entry_sh                            0x08000189   Thumb Code     0  __rtentry4.o(.ARM.Collect$$rtentry$$00000004)
    __rt_entry_li                            0x0800018f   Thumb Code     0  __rtentry2.o(.ARM.Collect$$rtentry$$0000000A)
    __rt_entry_postsh_1                      0x0800018f   Thumb Code     0  __rtentry2.o(.ARM.Collect$$rtentry$$00000009)
    __rt_entry_main                          0x08000193   Thumb Code     0  __rtentry2.o(.ARM.Collect$$rtentry$$0000000D)
    __rt_entry_postli_1                      0x08000193   Thumb Code     0  __rtentry2.o(.ARM.Collect$$rtentry$$0000000C)
    __rt_exit                                0x0800019b   Thumb Code     0  rtexit.o(.ARM.Collect$$rtexit$$00000000)
    __rt_exit_ls                             0x0800019d   Thumb Code     0  rtexit2.o(.ARM.Collect$$rtexit$$00000003)
    __rt_exit_prels_1                        0x0800019d   Thumb Code     0  rtexit2.o(.ARM.Collect$$rtexit$$00000002)
    __rt_exit_exit                           0x080001a1   Thumb Code     0  rtexit2.o(.ARM.Collect$$rtexit$$00000004)
    Reset_Handler                            0x080001a9   Thumb Code     8  startup_stm32f103xb.o(.text)
    ADC1_2_IRQHandler                        0x080001c3   Thumb Code     0  startup_stm32f103xb.o(.text)
    CAN1_RX1_IRQHandler                      0x080001c3   Thumb Code     0  startup_stm32f103xb.o(.text)
    CAN1_SCE_IRQHandler                      0x080001c3   Thumb Code     0  startup_stm32f103xb.o(.text)
    DMA1_Channel2_IRQHandler                 0x080001c3   Thumb Code     0  startup_stm32f103xb.o(.text)
    DMA1_Channel3_IRQHandler                 0x080001c3   Thumb Code     0  startup_stm32f103xb.o(.text)
    DMA1_Channel4_IRQHandler                 0x080001c3   Thumb Code     0  startup_stm32f103xb.o(.text)
    DMA1_Channel5_IRQHandler                 0x080001c3   Thumb Code     0  startup_stm32f103xb.o(.text)
    DMA1_Channel6_IRQHandler                 0x080001c3   Thumb Code     0  startup_stm32f103xb.o(.text)
    DMA1_Channel7_IRQHandler                 0x080001c3   Thumb Code     0  startup_stm32f103xb.o(.text)
    EXTI0_IRQHandler                         0x080001c3   Thumb Code     0  startup_stm32f103xb.o(.text)
    EXTI15_10_IRQHandler                     0x080001c3   Thumb Code     0  startup_stm32f103xb.o(.text)
    EXTI1_IRQHandler                         0x080001c3   Thumb Code     0  startup_stm32f103xb.o(.text)
    EXTI2_IRQHandler                         0x080001c3   Thumb Code     0  startup_stm32f103xb.o(.text)
    EXTI3_IRQHandler                         0x080001c3   Thumb Code     0  startup_stm32f103xb.o(.text)
    EXTI4_IRQHandler                         0x080001c3   Thumb Code     0  startup_stm32f103xb.o(.text)
    EXTI9_5_IRQHandler                       0x080001c3   Thumb Code     0  startup_stm32f103xb.o(.text)
    FLASH_IRQHandler                         0x080001c3   Thumb Code     0  startup_stm32f103xb.o(.text)
    I2C1_ER_IRQHandler                       0x080001c3   Thumb Code     0  startup_stm32f103xb.o(.text)
    I2C1_EV_IRQHandler                       0x080001c3   Thumb Code     0  startup_stm32f103xb.o(.text)
    I2C2_ER_IRQHandler                       0x080001c3   Thumb Code     0  startup_stm32f103xb.o(.text)
    I2C2_EV_IRQHandler                       0x080001c3   Thumb Code     0  startup_stm32f103xb.o(.text)
    PVD_IRQHandler                           0x080001c3   Thumb Code     0  startup_stm32f103xb.o(.text)
    RCC_IRQHandler                           0x080001c3   Thumb Code     0  startup_stm32f103xb.o(.text)
    RTC_Alarm_IRQHandler                     0x080001c3   Thumb Code     0  startup_stm32f103xb.o(.text)
    RTC_IRQHandler                           0x080001c3   Thumb Code     0  startup_stm32f103xb.o(.text)
    SPI1_IRQHandler                          0x080001c3   Thumb Code     0  startup_stm32f103xb.o(.text)
    SPI2_IRQHandler                          0x080001c3   Thumb Code     0  startup_stm32f103xb.o(.text)
    TAMPER_IRQHandler                        0x080001c3   Thumb Code     0  startup_stm32f103xb.o(.text)
    TIM1_BRK_IRQHandler                      0x080001c3   Thumb Code     0  startup_stm32f103xb.o(.text)
    TIM1_CC_IRQHandler                       0x080001c3   Thumb Code     0  startup_stm32f103xb.o(.text)
    TIM1_TRG_COM_IRQHandler                  0x080001c3   Thumb Code     0  startup_stm32f103xb.o(.text)
    TIM1_UP_IRQHandler                       0x080001c3   Thumb Code     0  startup_stm32f103xb.o(.text)
    TIM2_IRQHandler                          0x080001c3   Thumb Code     0  startup_stm32f103xb.o(.text)
    TIM3_IRQHandler                          0x080001c3   Thumb Code     0  startup_stm32f103xb.o(.text)
    TIM4_IRQHandler                          0x080001c3   Thumb Code     0  startup_stm32f103xb.o(.text)
    USART1_IRQHandler                        0x080001c3   Thumb Code     0  startup_stm32f103xb.o(.text)
    USART2_IRQHandler                        0x080001c3   Thumb Code     0  startup_stm32f103xb.o(.text)
    USART3_IRQHandler                        0x080001c3   Thumb Code     0  startup_stm32f103xb.o(.text)
    USBWakeUp_IRQHandler                     0x080001c3   Thumb Code     0  startup_stm32f103xb.o(.text)
    USB_HP_CAN1_TX_IRQHandler                0x080001c3   Thumb Code     0  startup_stm32f103xb.o(.text)
    USB_LP_CAN1_RX0_IRQHandler               0x080001c3   Thumb Code     0  startup_stm32f103xb.o(.text)
    WWDG_IRQHandler                          0x080001c3   Thumb Code     0  startup_stm32f103xb.o(.text)
    __user_initial_stackheap                 0x080001c5   Thumb Code     0  startup_stm32f103xb.o(.text)
    __2sprintf                               0x080001e9   Thumb Code    34  noretval__2sprintf.o(.text)
    _printf_pre_padding                      0x08000211   Thumb Code    44  _printf_pad.o(.text)
    _printf_post_padding                     0x0800023d   Thumb Code    34  _printf_pad.o(.text)
    _printf_int_dec                          0x08000261   Thumb Code   104  _printf_dec.o(.text)
    __printf                                 0x080002d9   Thumb Code   308  __printf_flags_wp.o(.text)
    __aeabi_memclr4                          0x08000411   Thumb Code     0  rt_memclr_w.o(.text)
    __aeabi_memclr8                          0x08000411   Thumb Code     0  rt_memclr_w.o(.text)
    __rt_memclr_w                            0x08000411   Thumb Code    78  rt_memclr_w.o(.text)
    _memset_w                                0x08000415   Thumb Code     0  rt_memclr_w.o(.text)
    __use_two_region_memory                  0x0800045f   Thumb Code     2  heapauxi.o(.text)
    __rt_heap_escrow$2region                 0x08000461   Thumb Code     2  heapauxi.o(.text)
    __rt_heap_expand$2region                 0x08000463   Thumb Code     2  heapauxi.o(.text)
    _printf_int_common                       0x08000465   Thumb Code   178  _printf_intcommon.o(.text)
    __lib_sel_fp_printf                      0x08000517   Thumb Code     2  _printf_fp_dec.o(.text)
    _printf_fp_dec_real                      0x080006c9   Thumb Code   620  _printf_fp_dec.o(.text)
    _printf_char_common                      0x0800093f   Thumb Code    32  _printf_char_common.o(.text)
    _sputc                                   0x08000965   Thumb Code    10  _sputc.o(.text)
    __rt_locale                              0x08000971   Thumb Code     8  rt_locale_intlibspace.o(.text)
    _ll_udiv10                               0x08000979   Thumb Code   138  lludiv10.o(.text)
    _printf_fp_infnan                        0x08000a05   Thumb Code   112  _printf_fp_infnan.o(.text)
    _btod_etento                             0x08000a85   Thumb Code   224  bigflt0.o(.text)
    __user_libspace                          0x08000b69   Thumb Code     8  libspace.o(.text)
    __user_perproc_libspace                  0x08000b69   Thumb Code     0  libspace.o(.text)
    __user_perthread_libspace                0x08000b69   Thumb Code     0  libspace.o(.text)
    __user_setup_stackheap                   0x08000b71   Thumb Code    74  sys_stackheap_outer.o(.text)
    exit                                     0x08000bbb   Thumb Code    18  exit.o(.text)
    strcmp                                   0x08000bcd   Thumb Code   128  strcmpv7m.o(.text)
    _sys_exit                                0x08000c4d   Thumb Code     8  sys_exit.o(.text)
    __I$use$semihosting                      0x08000c59   Thumb Code     0  use_no_semi.o(.text)
    __use_no_semihosting_swi                 0x08000c59   Thumb Code     2  use_no_semi.o(.text)
    __semihosting_library_function           0x08000c5b   Thumb Code     0  indicate_semi.o(.text)
    _btod_d2e                                0x08000c5b   Thumb Code    62  btod.o(CL$$btod_d2e)
    _d2e_denorm_low                          0x08000c99   Thumb Code    70  btod.o(CL$$btod_d2e_denorm_low)
    _d2e_norm_op1                            0x08000cdf   Thumb Code    96  btod.o(CL$$btod_d2e_norm_op1)
    __btod_div_common                        0x08000d3f   Thumb Code   696  btod.o(CL$$btod_div_common)
    _e2e                                     0x08001077   Thumb Code   220  btod.o(CL$$btod_e2e)
    _btod_ediv                               0x08001153   Thumb Code    42  btod.o(CL$$btod_ediv)
    _btod_emul                               0x0800117d   Thumb Code    42  btod.o(CL$$btod_emul)
    __btod_mult_common                       0x080011a7   Thumb Code   580  btod.o(CL$$btod_mult_common)
    ADC_ConversionStop_Disable               0x080013ed   Thumb Code    86  stm32f1xx_hal_adc.o(i.ADC_ConversionStop_Disable)
    ADC_Enable                               0x08001445   Thumb Code   114  stm32f1xx_hal_adc.o(i.ADC_Enable)
    ADC_Get_Average                          0x080014c1   Thumb Code   112  adc_sampling.o(i.ADC_Get_Average)
    BusFault_Handler                         0x08001535   Thumb Code     2  stm32f1xx_it.o(i.BusFault_Handler)
    DMA1_Channel1_IRQHandler                 0x08001539   Thumb Code     6  stm32f1xx_it.o(i.DMA1_Channel1_IRQHandler)
    DebugMon_Handler                         0x08001545   Thumb Code     2  stm32f1xx_it.o(i.DebugMon_Handler)
    Error_Handler                            0x08001547   Thumb Code     4  main.o(i.Error_Handler)
    HAL_ADCEx_Calibration_Start              0x0800154d   Thumb Code   210  stm32f1xx_hal_adc_ex.o(i.HAL_ADCEx_Calibration_Start)
    HAL_ADC_ConfigChannel                    0x08001625   Thumb Code   240  stm32f1xx_hal_adc.o(i.HAL_ADC_ConfigChannel)
    HAL_ADC_GetValue                         0x08001721   Thumb Code     6  stm32f1xx_hal_adc.o(i.HAL_ADC_GetValue)
    HAL_ADC_Init                             0x08001729   Thumb Code   272  stm32f1xx_hal_adc.o(i.HAL_ADC_Init)
    HAL_ADC_MspInit                          0x08001845   Thumb Code   122  adc.o(i.HAL_ADC_MspInit)
    HAL_ADC_PollForConversion                0x080018d5   Thumb Code   304  stm32f1xx_hal_adc.o(i.HAL_ADC_PollForConversion)
    HAL_ADC_Start                            0x08001a11   Thumb Code   184  stm32f1xx_hal_adc.o(i.HAL_ADC_Start)
    HAL_ADC_Stop                             0x08001ad1   Thumb Code    52  stm32f1xx_hal_adc.o(i.HAL_ADC_Stop)
    HAL_DMA_IRQHandler                       0x08001b05   Thumb Code   316  stm32f1xx_hal_dma.o(i.HAL_DMA_IRQHandler)
    HAL_DMA_Init                             0x08001c59   Thumb Code    84  stm32f1xx_hal_dma.o(i.HAL_DMA_Init)
    HAL_Delay                                0x08001cb5   Thumb Code    32  stm32f1xx_hal.o(i.HAL_Delay)
    HAL_GPIO_Init                            0x08001cd9   Thumb Code   446  stm32f1xx_hal_gpio.o(i.HAL_GPIO_Init)
    HAL_GPIO_WritePin                        0x08001eb9   Thumb Code    10  stm32f1xx_hal_gpio.o(i.HAL_GPIO_WritePin)
    HAL_GetTick                              0x08001ec5   Thumb Code     6  stm32f1xx_hal.o(i.HAL_GetTick)
    HAL_I2C_Init                             0x08001ed1   Thumb Code   376  stm32f1xx_hal_i2c.o(i.HAL_I2C_Init)
    HAL_I2C_Master_Receive                   0x08002059   Thumb Code   576  stm32f1xx_hal_i2c.o(i.HAL_I2C_Master_Receive)
    HAL_I2C_Master_Transmit                  0x080022a9   Thumb Code   290  stm32f1xx_hal_i2c.o(i.HAL_I2C_Master_Transmit)
    HAL_I2C_MspInit                          0x080023d5   Thumb Code    96  i2c.o(i.HAL_I2C_MspInit)
    HAL_IncTick                              0x08002445   Thumb Code    12  stm32f1xx_hal.o(i.HAL_IncTick)
    HAL_Init                                 0x08002455   Thumb Code    32  stm32f1xx_hal.o(i.HAL_Init)
    HAL_InitTick                             0x08002479   Thumb Code    54  stm32f1xx_hal.o(i.HAL_InitTick)
    HAL_MspInit                              0x080024b9   Thumb Code    52  stm32f1xx_hal_msp.o(i.HAL_MspInit)
    HAL_NVIC_EnableIRQ                       0x080024f5   Thumb Code    26  stm32f1xx_hal_cortex.o(i.HAL_NVIC_EnableIRQ)
    HAL_NVIC_SetPriority                     0x08002511   Thumb Code    60  stm32f1xx_hal_cortex.o(i.HAL_NVIC_SetPriority)
    HAL_NVIC_SetPriorityGrouping             0x08002551   Thumb Code    26  stm32f1xx_hal_cortex.o(i.HAL_NVIC_SetPriorityGrouping)
    HAL_RCCEx_GetPeriphCLKFreq               0x08002575   Thumb Code   148  stm32f1xx_hal_rcc_ex.o(i.HAL_RCCEx_GetPeriphCLKFreq)
    HAL_RCCEx_PeriphCLKConfig                0x08002619   Thumb Code   224  stm32f1xx_hal_rcc_ex.o(i.HAL_RCCEx_PeriphCLKConfig)
    HAL_RCC_ClockConfig                      0x08002705   Thumb Code   280  stm32f1xx_hal_rcc.o(i.HAL_RCC_ClockConfig)
    HAL_RCC_GetPCLK1Freq                     0x08002831   Thumb Code    20  stm32f1xx_hal_rcc.o(i.HAL_RCC_GetPCLK1Freq)
    HAL_RCC_GetPCLK2Freq                     0x08002851   Thumb Code    20  stm32f1xx_hal_rcc.o(i.HAL_RCC_GetPCLK2Freq)
    HAL_RCC_GetSysClockFreq                  0x08002871   Thumb Code    58  stm32f1xx_hal_rcc.o(i.HAL_RCC_GetSysClockFreq)
    HAL_RCC_OscConfig                        0x080028bd   Thumb Code   778  stm32f1xx_hal_rcc.o(i.HAL_RCC_OscConfig)
    HAL_SYSTICK_Config                       0x08002bdd   Thumb Code    40  stm32f1xx_hal_cortex.o(i.HAL_SYSTICK_Config)
    HAL_TIMEx_ConfigBreakDeadTime            0x08002c05   Thumb Code    84  stm32f1xx_hal_tim_ex.o(i.HAL_TIMEx_ConfigBreakDeadTime)
    HAL_TIMEx_MasterConfigSynchronization    0x08002c59   Thumb Code    92  stm32f1xx_hal_tim_ex.o(i.HAL_TIMEx_MasterConfigSynchronization)
    HAL_TIM_MspPostInit                      0x08002cc1   Thumb Code    64  tim.o(i.HAL_TIM_MspPostInit)
    HAL_TIM_PWM_ConfigChannel                0x08002d0d   Thumb Code   204  stm32f1xx_hal_tim.o(i.HAL_TIM_PWM_ConfigChannel)
    HAL_TIM_PWM_Init                         0x08002dd9   Thumb Code    90  stm32f1xx_hal_tim.o(i.HAL_TIM_PWM_Init)
    HAL_TIM_PWM_MspInit                      0x08002e35   Thumb Code    30  tim.o(i.HAL_TIM_PWM_MspInit)
    HAL_TIM_PWM_Start                        0x08002e5d   Thumb Code   144  stm32f1xx_hal_tim.o(i.HAL_TIM_PWM_Start)
    HAL_UART_Init                            0x08002ef9   Thumb Code   100  stm32f1xx_hal_uart.o(i.HAL_UART_Init)
    HAL_UART_MspInit                         0x08002f5d   Thumb Code    98  usart.o(i.HAL_UART_MspInit)
    HardFault_Handler                        0x08002fcd   Thumb Code     2  stm32f1xx_it.o(i.HardFault_Handler)
    INA226_GetBusV                           0x080033f1   Thumb Code    20  iic_ina226.o(i.INA226_GetBusV)
    INA226_GetBusVReg                        0x08003409   Thumb Code    52  iic_ina226.o(i.INA226_GetBusVReg)
    INA226_SetCalibrationReg                 0x08003445   Thumb Code    36  iic_ina226.o(i.INA226_SetCalibrationReg)
    INA226_SetConfig                         0x0800346d   Thumb Code    36  iic_ina226.o(i.INA226_SetConfig)
    INA226_init                              0x08003495   Thumb Code    22  iic_ina226.o(i.INA226_init)
    LCD_Clear                                0x080034ad   Thumb Code    66  spi_tft144.o(i.LCD_Clear)
    LCD_DCET                                 0x080034f5   Thumb Code    40  spi_tft144.o(i.LCD_DCET)
    LCD_DrawMatrixCode                       0x08003521   Thumb Code   122  spi_tft144_gui.o(i.LCD_DrawMatrixCode)
    LCD_DrawPoint                            0x0800359d   Thumb Code    18  spi_tft144.o(i.LCD_DrawPoint)
    LCD_GetPos_X                             0x080035b5   Thumb Code    22  spi_tft144_gui.o(i.LCD_GetPos_X)
    LCD_GetPos_Y                             0x080035d1   Thumb Code    20  spi_tft144_gui.o(i.LCD_GetPos_Y)
    LCD_Init                                 0x080035e9   Thumb Code   570  spi_tft144.o(i.LCD_Init)
    LCD_ScanLine_Byte                        0x0800382d   Thumb Code    82  spi_tft144_gui.o(i.LCD_ScanLine_Byte)
    LCD_SetCursor                            0x08003889   Thumb Code     8  spi_tft144.o(i.LCD_SetCursor)
    LCD_SetWindows                           0x08003891   Thumb Code   102  spi_tft144.o(i.LCD_SetWindows)
    LCD_ShowChar                             0x080038fd   Thumb Code   130  spi_tft144_gui.o(i.LCD_ShowChar)
    LCD_ShowString                           0x08003989   Thumb Code    94  spi_tft144_gui.o(i.LCD_ShowString)
    LCD_WR_DATA                              0x080039e9   Thumb Code    50  spi_tft144.o(i.LCD_WR_DATA)
    LCD_WR_REG                               0x08003a21   Thumb Code    50  spi_tft144.o(i.LCD_WR_REG)
    LCD_WriteData_16Bit                      0x08003a59   Thumb Code    56  spi_tft144.o(i.LCD_WriteData_16Bit)
    LCD_WriteRAM_Prepare                     0x08003a95   Thumb Code     8  spi_tft144.o(i.LCD_WriteRAM_Prepare)
    LCD_WriteReg                             0x08003aa1   Thumb Code    18  spi_tft144.o(i.LCD_WriteReg)
    LCD_direction                            0x08003ab5   Thumb Code   104  spi_tft144.o(i.LCD_direction)
    MX_ADC1_Init                             0x08003b21   Thumb Code   124  adc.o(i.MX_ADC1_Init)
    MX_DMA_Init                              0x08003ba5   Thumb Code    40  dma.o(i.MX_DMA_Init)
    MX_GPIO_Init                             0x08003bd1   Thumb Code   104  gpio.o(i.MX_GPIO_Init)
    MX_I2C1_Init                             0x08003c41   Thumb Code    50  i2c.o(i.MX_I2C1_Init)
    MX_TIM1_Init                             0x08003c81   Thumb Code   170  tim.o(i.MX_TIM1_Init)
    MX_USART2_UART_Init                      0x08003d35   Thumb Code    48  usart.o(i.MX_USART2_UART_Init)
    MemManage_Handler                        0x08003d6d   Thumb Code     2  stm32f1xx_it.o(i.MemManage_Handler)
    My_Font_GetCodeSize_ASCII                0x08003d6f   Thumb Code    20  spi_tft144_gui.o(i.My_Font_GetCodeSize_ASCII)
    NMI_Handler                              0x08003d83   Thumb Code     2  stm32f1xx_it.o(i.NMI_Handler)
    PendSV_Handler                           0x08003d85   Thumb Code     2  stm32f1xx_it.o(i.PendSV_Handler)
    SPIv_WriteData                           0x08003d89   Thumb Code    70  spi_tft144.o(i.SPIv_WriteData)
    SVC_Handler                              0x08003dd5   Thumb Code     2  stm32f1xx_it.o(i.SVC_Handler)
    SysTick_Handler                          0x08003dd7   Thumb Code     4  stm32f1xx_it.o(i.SysTick_Handler)
    SystemClock_Config                       0x08003ddb   Thumb Code   120  main.o(i.SystemClock_Config)
    SystemInit                               0x08003e53   Thumb Code     2  system_stm32f1xx.o(i.SystemInit)
    TIM_Base_SetConfig                       0x08003e55   Thumb Code    94  stm32f1xx_hal_tim.o(i.TIM_Base_SetConfig)
    TIM_CCxChannelCmd                        0x08003ec1   Thumb Code    26  stm32f1xx_hal_tim.o(i.TIM_CCxChannelCmd)
    TIM_OC2_SetConfig                        0x08003f2d   Thumb Code    84  stm32f1xx_hal_tim.o(i.TIM_OC2_SetConfig)
    UsageFault_Handler                       0x080040d9   Thumb Code     2  stm32f1xx_it.o(i.UsageFault_Handler)
    __ARM_fpclassify                         0x080040db   Thumb Code    40  fpclassify.o(i.__ARM_fpclassify)
    _is_digit                                0x08004123   Thumb Code    14  __printf_wp.o(i._is_digit)
    main                                     0x08004131   Thumb Code   770  main.o(i.main)
    sg90_RotateAngle                         0x080044c1   Thumb Code    92  tim_sg90.o(i.sg90_RotateAngle)
    _get_lc_numeric                          0x08004525   Thumb Code    44  lc_numeric_c.o(locale$$code)
    __aeabi_d2f                              0x08004551   Thumb Code     0  d2f.o(x$fpl$d2f)
    _d2f                                     0x08004551   Thumb Code    98  d2f.o(x$fpl$d2f)
    __aeabi_dadd                             0x080045b5   Thumb Code     0  daddsub_clz.o(x$fpl$dadd)
    _dadd                                    0x080045b5   Thumb Code   332  daddsub_clz.o(x$fpl$dadd)
    __aeabi_ddiv                             0x08004705   Thumb Code     0  ddiv.o(x$fpl$ddiv)
    _ddiv                                    0x08004705   Thumb Code   552  ddiv.o(x$fpl$ddiv)
    __fpl_dnaninf                            0x080049b5   Thumb Code   156  dnaninf.o(x$fpl$dnaninf)
    __fpl_dretinf                            0x08004a51   Thumb Code    12  dretinf.o(x$fpl$dretinf)
    __aeabi_dsub                             0x08004a5d   Thumb Code     0  daddsub_clz.o(x$fpl$dsub)
    _dsub                                    0x08004a5d   Thumb Code   464  daddsub_clz.o(x$fpl$dsub)
    __aeabi_f2d                              0x08004c31   Thumb Code     0  f2d.o(x$fpl$f2d)
    _f2d                                     0x08004c31   Thumb Code    86  f2d.o(x$fpl$f2d)
    __aeabi_f2iz                             0x08004c89   Thumb Code     0  ffix.o(x$fpl$ffix)
    _ffix                                    0x08004c89   Thumb Code    54  ffix.o(x$fpl$ffix)
    __aeabi_ui2f                             0x08004cc1   Thumb Code     0  fflt_clz.o(x$fpl$ffltu)
    _ffltu                                   0x08004cc1   Thumb Code    38  fflt_clz.o(x$fpl$ffltu)
    __aeabi_fmul                             0x08004ce9   Thumb Code     0  fmul.o(x$fpl$fmul)
    _fmul                                    0x08004ce9   Thumb Code   258  fmul.o(x$fpl$fmul)
    __fpl_fnaninf                            0x08004deb   Thumb Code   140  fnaninf.o(x$fpl$fnaninf)
    __fpl_fretinf                            0x08004e77   Thumb Code    10  fretinf.o(x$fpl$fretinf)
    _printf_fp_dec                           0x08004e81   Thumb Code     4  printf1.o(x$fpl$printf1)
    __I$use$fp                               0x08004e84   Number         0  usenofp.o(x$fpl$usenofp)
    AHBPrescTable                            0x08004ea8   Data          16  system_stm32f1xx.o(.constdata)
    APBPrescTable                            0x08004eb8   Data           8  system_stm32f1xx.o(.constdata)
    Region$$Table$$Base                      0x08005558   Number         0  anon$$obj.o(Region$$Table)
    Region$$Table$$Limit                     0x08005578   Number         0  anon$$obj.o(Region$$Table)
    lighVla_left                             0x20000000   Data           4  main.o(.data)
    lighVla_up                               0x20000004   Data           4  main.o(.data)
    lighVla_right                            0x20000008   Data           4  main.o(.data)
    lighVla_down                             0x2000000c   Data           4  main.o(.data)
    batteryVolt                              0x20000010   Data           4  main.o(.data)
    BatCap                                   0x20000014   Data           4  main.o(.data)
    uwTickFreq                               0x20000018   Data           1  stm32f1xx_hal.o(.data)
    uwTickPrio                               0x2000001c   Data           4  stm32f1xx_hal.o(.data)
    uwTick                                   0x20000020   Data           4  stm32f1xx_hal.o(.data)
    SystemCoreClock                          0x20000024   Data           4  system_stm32f1xx.o(.data)
    FRONT_COLOR                              0x20000030   Data           2  spi_tft144.o(.data)
    BACK_COLOR                               0x20000032   Data           2  spi_tft144.o(.data)
    dis0                                     0x20000034   Data          25  main.o(.bss)
    hadc1                                    0x20000050   Data          48  adc.o(.bss)
    hdma_adc1                                0x20000080   Data          68  adc.o(.bss)
    hi2c1                                    0x200000c4   Data          84  i2c.o(.bss)
    htim1                                    0x20000118   Data          72  tim.o(.bss)
    huart2                                   0x20000160   Data          72  usart.o(.bss)
    lcddev                                   0x200001a8   Data          16  spi_tft144.o(.bss)
    __libspace_start                         0x200001b8   Data          96  libspace.o(.bss)
    __temporary_stack_top$libspace           0x20000218   Data           0  libspace.o(.bss)



==============================================================================

Memory Map of the image

  Image Entry point : 0x080000ed

  Load Region LR_IROM1 (Base: 0x08000000, Size: 0x000055c8, Max: 0x00010000, ABSOLUTE)

    Execution Region ER_IROM1 (Exec base: 0x08000000, Load base: 0x08000000, Size: 0x00005594, Max: 0x00010000, ABSOLUTE)

    Exec Addr    Load Addr    Size         Type   Attr      Idx    E Section Name        Object

    0x08000000   0x08000000   0x000000ec   Data   RO            3    RESET               startup_stm32f103xb.o
    0x080000ec   0x080000ec   0x00000008   Code   RO         4072  * !!!main             c_w.l(__main.o)
    0x080000f4   0x080000f4   0x00000034   Code   RO         4322    !!!scatter          c_w.l(__scatter.o)
    0x08000128   0x08000128   0x0000001a   Code   RO         4324    !!handler_copy      c_w.l(__scatter_copy.o)
    0x08000142   0x08000142   0x00000002   PAD
    0x08000144   0x08000144   0x0000001c   Code   RO         4326    !!handler_zi        c_w.l(__scatter_zi.o)
    0x08000160   0x08000160   0x00000000   Code   RO         4065    .ARM.Collect$$_printf_percent$$00000000  c_w.l(_printf_percent.o)
    0x08000160   0x08000160   0x00000006   Code   RO         4064    .ARM.Collect$$_printf_percent$$00000003  c_w.l(_printf_f.o)
    0x08000166   0x08000166   0x00000006   Code   RO         4063    .ARM.Collect$$_printf_percent$$00000009  c_w.l(_printf_d.o)
    0x0800016c   0x0800016c   0x00000004   Code   RO         4111    .ARM.Collect$$_printf_percent$$00000017  c_w.l(_printf_percent_end.o)
    0x08000170   0x08000170   0x00000002   Code   RO         4193    .ARM.Collect$$libinit$$00000000  c_w.l(libinit.o)
    0x08000172   0x08000172   0x00000000   Code   RO         4195    .ARM.Collect$$libinit$$00000002  c_w.l(libinit2.o)
    0x08000172   0x08000172   0x00000000   Code   RO         4197    .ARM.Collect$$libinit$$00000004  c_w.l(libinit2.o)
    0x08000172   0x08000172   0x00000000   Code   RO         4200    .ARM.Collect$$libinit$$0000000A  c_w.l(libinit2.o)
    0x08000172   0x08000172   0x00000000   Code   RO         4202    .ARM.Collect$$libinit$$0000000C  c_w.l(libinit2.o)
    0x08000172   0x08000172   0x00000000   Code   RO         4204    .ARM.Collect$$libinit$$0000000E  c_w.l(libinit2.o)
    0x08000172   0x08000172   0x00000006   Code   RO         4205    .ARM.Collect$$libinit$$0000000F  c_w.l(libinit2.o)
    0x08000178   0x08000178   0x00000000   Code   RO         4207    .ARM.Collect$$libinit$$00000011  c_w.l(libinit2.o)
    0x08000178   0x08000178   0x00000000   Code   RO         4209    .ARM.Collect$$libinit$$00000013  c_w.l(libinit2.o)
    0x08000178   0x08000178   0x00000000   Code   RO         4211    .ARM.Collect$$libinit$$00000015  c_w.l(libinit2.o)
    0x08000178   0x08000178   0x0000000a   Code   RO         4212    .ARM.Collect$$libinit$$00000016  c_w.l(libinit2.o)
    0x08000182   0x08000182   0x00000000   Code   RO         4213    .ARM.Collect$$libinit$$00000017  c_w.l(libinit2.o)
    0x08000182   0x08000182   0x00000000   Code   RO         4215    .ARM.Collect$$libinit$$00000019  c_w.l(libinit2.o)
    0x08000182   0x08000182   0x00000000   Code   RO         4217    .ARM.Collect$$libinit$$0000001B  c_w.l(libinit2.o)
    0x08000182   0x08000182   0x00000000   Code   RO         4219    .ARM.Collect$$libinit$$0000001D  c_w.l(libinit2.o)
    0x08000182   0x08000182   0x00000000   Code   RO         4221    .ARM.Collect$$libinit$$0000001F  c_w.l(libinit2.o)
    0x08000182   0x08000182   0x00000000   Code   RO         4223    .ARM.Collect$$libinit$$00000021  c_w.l(libinit2.o)
    0x08000182   0x08000182   0x00000000   Code   RO         4225    .ARM.Collect$$libinit$$00000023  c_w.l(libinit2.o)
    0x08000182   0x08000182   0x00000000   Code   RO         4227    .ARM.Collect$$libinit$$00000025  c_w.l(libinit2.o)
    0x08000182   0x08000182   0x00000000   Code   RO         4231    .ARM.Collect$$libinit$$0000002C  c_w.l(libinit2.o)
    0x08000182   0x08000182   0x00000000   Code   RO         4233    .ARM.Collect$$libinit$$0000002E  c_w.l(libinit2.o)
    0x08000182   0x08000182   0x00000000   Code   RO         4235    .ARM.Collect$$libinit$$00000030  c_w.l(libinit2.o)
    0x08000182   0x08000182   0x00000000   Code   RO         4237    .ARM.Collect$$libinit$$00000032  c_w.l(libinit2.o)
    0x08000182   0x08000182   0x00000002   Code   RO         4238    .ARM.Collect$$libinit$$00000033  c_w.l(libinit2.o)
    0x08000184   0x08000184   0x00000002   Code   RO         4268    .ARM.Collect$$libshutdown$$00000000  c_w.l(libshutdown.o)
    0x08000186   0x08000186   0x00000000   Code   RO         4279    .ARM.Collect$$libshutdown$$00000002  c_w.l(libshutdown2.o)
    0x08000186   0x08000186   0x00000000   Code   RO         4281    .ARM.Collect$$libshutdown$$00000004  c_w.l(libshutdown2.o)
    0x08000186   0x08000186   0x00000000   Code   RO         4283    .ARM.Collect$$libshutdown$$00000006  c_w.l(libshutdown2.o)
    0x08000186   0x08000186   0x00000000   Code   RO         4286    .ARM.Collect$$libshutdown$$00000009  c_w.l(libshutdown2.o)
    0x08000186   0x08000186   0x00000000   Code   RO         4289    .ARM.Collect$$libshutdown$$0000000C  c_w.l(libshutdown2.o)
    0x08000186   0x08000186   0x00000000   Code   RO         4291    .ARM.Collect$$libshutdown$$0000000E  c_w.l(libshutdown2.o)
    0x08000186   0x08000186   0x00000000   Code   RO         4294    .ARM.Collect$$libshutdown$$00000011  c_w.l(libshutdown2.o)
    0x08000186   0x08000186   0x00000002   Code   RO         4295    .ARM.Collect$$libshutdown$$00000012  c_w.l(libshutdown2.o)
    0x08000188   0x08000188   0x00000000   Code   RO         4102    .ARM.Collect$$rtentry$$00000000  c_w.l(__rtentry.o)
    0x08000188   0x08000188   0x00000000   Code   RO         4122    .ARM.Collect$$rtentry$$00000002  c_w.l(__rtentry2.o)
    0x08000188   0x08000188   0x00000006   Code   RO         4134    .ARM.Collect$$rtentry$$00000004  c_w.l(__rtentry4.o)
    0x0800018e   0x0800018e   0x00000000   Code   RO         4124    .ARM.Collect$$rtentry$$00000009  c_w.l(__rtentry2.o)
    0x0800018e   0x0800018e   0x00000004   Code   RO         4125    .ARM.Collect$$rtentry$$0000000A  c_w.l(__rtentry2.o)
    0x08000192   0x08000192   0x00000000   Code   RO         4127    .ARM.Collect$$rtentry$$0000000C  c_w.l(__rtentry2.o)
    0x08000192   0x08000192   0x00000008   Code   RO         4128    .ARM.Collect$$rtentry$$0000000D  c_w.l(__rtentry2.o)
    0x0800019a   0x0800019a   0x00000002   Code   RO         4239    .ARM.Collect$$rtexit$$00000000  c_w.l(rtexit.o)
    0x0800019c   0x0800019c   0x00000000   Code   RO         4246    .ARM.Collect$$rtexit$$00000002  c_w.l(rtexit2.o)
    0x0800019c   0x0800019c   0x00000004   Code   RO         4247    .ARM.Collect$$rtexit$$00000003  c_w.l(rtexit2.o)
    0x080001a0   0x080001a0   0x00000006   Code   RO         4248    .ARM.Collect$$rtexit$$00000004  c_w.l(rtexit2.o)
    0x080001a6   0x080001a6   0x00000002   PAD
    0x080001a8   0x080001a8   0x00000040   Code   RO            4    .text               startup_stm32f103xb.o
    0x080001e8   0x080001e8   0x00000028   Code   RO         4035    .text               c_w.l(noretval__2sprintf.o)
    0x08000210   0x08000210   0x0000004e   Code   RO         4039    .text               c_w.l(_printf_pad.o)
    0x0800025e   0x0800025e   0x00000002   PAD
    0x08000260   0x08000260   0x00000078   Code   RO         4041    .text               c_w.l(_printf_dec.o)
    0x080002d8   0x080002d8   0x00000138   Code   RO         4055    .text               c_w.l(__printf_flags_wp.o)
    0x08000410   0x08000410   0x0000004e   Code   RO         4068    .text               c_w.l(rt_memclr_w.o)
    0x0800045e   0x0800045e   0x00000006   Code   RO         4070    .text               c_w.l(heapauxi.o)
    0x08000464   0x08000464   0x000000b2   Code   RO         4103    .text               c_w.l(_printf_intcommon.o)
    0x08000516   0x08000516   0x0000041e   Code   RO         4105    .text               c_w.l(_printf_fp_dec.o)
    0x08000934   0x08000934   0x00000030   Code   RO         4107    .text               c_w.l(_printf_char_common.o)
    0x08000964   0x08000964   0x0000000a   Code   RO         4109    .text               c_w.l(_sputc.o)
    0x0800096e   0x0800096e   0x00000002   PAD
    0x08000970   0x08000970   0x00000008   Code   RO         4139    .text               c_w.l(rt_locale_intlibspace.o)
    0x08000978   0x08000978   0x0000008a   Code   RO         4141    .text               c_w.l(lludiv10.o)
    0x08000a02   0x08000a02   0x00000002   PAD
    0x08000a04   0x08000a04   0x00000080   Code   RO         4143    .text               c_w.l(_printf_fp_infnan.o)
    0x08000a84   0x08000a84   0x000000e4   Code   RO         4147    .text               c_w.l(bigflt0.o)
    0x08000b68   0x08000b68   0x00000008   Code   RO         4179    .text               c_w.l(libspace.o)
    0x08000b70   0x08000b70   0x0000004a   Code   RO         4182    .text               c_w.l(sys_stackheap_outer.o)
    0x08000bba   0x08000bba   0x00000012   Code   RO         4184    .text               c_w.l(exit.o)
    0x08000bcc   0x08000bcc   0x00000080   Code   RO         4186    .text               c_w.l(strcmpv7m.o)
    0x08000c4c   0x08000c4c   0x0000000c   Code   RO         4258    .text               c_w.l(sys_exit.o)
    0x08000c58   0x08000c58   0x00000002   Code   RO         4269    .text               c_w.l(use_no_semi.o)
    0x08000c5a   0x08000c5a   0x00000000   Code   RO         4271    .text               c_w.l(indicate_semi.o)
    0x08000c5a   0x08000c5a   0x0000003e   Code   RO         4150    CL$$btod_d2e        c_w.l(btod.o)
    0x08000c98   0x08000c98   0x00000046   Code   RO         4152    CL$$btod_d2e_denorm_low  c_w.l(btod.o)
    0x08000cde   0x08000cde   0x00000060   Code   RO         4151    CL$$btod_d2e_norm_op1  c_w.l(btod.o)
    0x08000d3e   0x08000d3e   0x00000338   Code   RO         4160    CL$$btod_div_common  c_w.l(btod.o)
    0x08001076   0x08001076   0x000000dc   Code   RO         4157    CL$$btod_e2e        c_w.l(btod.o)
    0x08001152   0x08001152   0x0000002a   Code   RO         4154    CL$$btod_ediv       c_w.l(btod.o)
    0x0800117c   0x0800117c   0x0000002a   Code   RO         4153    CL$$btod_emul       c_w.l(btod.o)
    0x080011a6   0x080011a6   0x00000244   Code   RO         4159    CL$$btod_mult_common  c_w.l(btod.o)
    0x080013ea   0x080013ea   0x00000002   PAD
    0x080013ec   0x080013ec   0x00000056   Code   RO          563    i.ADC_ConversionStop_Disable  stm32f1xx_hal_adc.o
    0x08001442   0x08001442   0x00000002   PAD
    0x08001444   0x08001444   0x0000007c   Code   RO          567    i.ADC_Enable        stm32f1xx_hal_adc.o
    0x080014c0   0x080014c0   0x00000074   Code   RO         3627    i.ADC_Get_Average   adc_sampling.o
    0x08001534   0x08001534   0x00000002   Code   RO          421    i.BusFault_Handler  stm32f1xx_it.o
    0x08001536   0x08001536   0x00000002   PAD
    0x08001538   0x08001538   0x0000000c   Code   RO          422    i.DMA1_Channel1_IRQHandler  stm32f1xx_it.o
    0x08001544   0x08001544   0x00000002   Code   RO          423    i.DebugMon_Handler  stm32f1xx_it.o
    0x08001546   0x08001546   0x00000004   Code   RO           13    i.Error_Handler     main.o
    0x0800154a   0x0800154a   0x00000002   PAD
    0x0800154c   0x0800154c   0x000000d8   Code   RO          743    i.HAL_ADCEx_Calibration_Start  stm32f1xx_hal_adc_ex.o
    0x08001624   0x08001624   0x000000fc   Code   RO          569    i.HAL_ADC_ConfigChannel  stm32f1xx_hal_adc.o
    0x08001720   0x08001720   0x00000006   Code   RO          576    i.HAL_ADC_GetValue  stm32f1xx_hal_adc.o
    0x08001726   0x08001726   0x00000002   PAD
    0x08001728   0x08001728   0x0000011c   Code   RO          578    i.HAL_ADC_Init      stm32f1xx_hal_adc.o
    0x08001844   0x08001844   0x00000090   Code   RO          221    i.HAL_ADC_MspInit   adc.o
    0x080018d4   0x080018d4   0x0000013c   Code   RO          582    i.HAL_ADC_PollForConversion  stm32f1xx_hal_adc.o
    0x08001a10   0x08001a10   0x000000c0   Code   RO          584    i.HAL_ADC_Start     stm32f1xx_hal_adc.o
    0x08001ad0   0x08001ad0   0x00000034   Code   RO          587    i.HAL_ADC_Stop      stm32f1xx_hal_adc.o
    0x08001b04   0x08001b04   0x00000154   Code   RO         1225    i.HAL_DMA_IRQHandler  stm32f1xx_hal_dma.o
    0x08001c58   0x08001c58   0x0000005c   Code   RO         1226    i.HAL_DMA_Init      stm32f1xx_hal_dma.o
    0x08001cb4   0x08001cb4   0x00000024   Code   RO          846    i.HAL_Delay         stm32f1xx_hal.o
    0x08001cd8   0x08001cd8   0x000001e0   Code   RO         1156    i.HAL_GPIO_Init     stm32f1xx_hal_gpio.o
    0x08001eb8   0x08001eb8   0x0000000a   Code   RO         1160    i.HAL_GPIO_WritePin  stm32f1xx_hal_gpio.o
    0x08001ec2   0x08001ec2   0x00000002   PAD
    0x08001ec4   0x08001ec4   0x0000000c   Code   RO          850    i.HAL_GetTick       stm32f1xx_hal.o
    0x08001ed0   0x08001ed0   0x00000188   Code   RO         1827    i.HAL_I2C_Init      stm32f1xx_hal_i2c.o
    0x08002058   0x08002058   0x00000250   Code   RO         1833    i.HAL_I2C_Master_Receive  stm32f1xx_hal_i2c.o
    0x080022a8   0x080022a8   0x0000012c   Code   RO         1840    i.HAL_I2C_Master_Transmit  stm32f1xx_hal_i2c.o
    0x080023d4   0x080023d4   0x00000070   Code   RO          287    i.HAL_I2C_MspInit   i2c.o
    0x08002444   0x08002444   0x00000010   Code   RO          856    i.HAL_IncTick       stm32f1xx_hal.o
    0x08002454   0x08002454   0x00000024   Code   RO          857    i.HAL_Init          stm32f1xx_hal.o
    0x08002478   0x08002478   0x00000040   Code   RO          858    i.HAL_InitTick      stm32f1xx_hal.o
    0x080024b8   0x080024b8   0x0000003c   Code   RO          503    i.HAL_MspInit       stm32f1xx_hal_msp.o
    0x080024f4   0x080024f4   0x0000001a   Code   RO         1316    i.HAL_NVIC_EnableIRQ  stm32f1xx_hal_cortex.o
    0x0800250e   0x0800250e   0x00000002   PAD
    0x08002510   0x08002510   0x00000040   Code   RO         1322    i.HAL_NVIC_SetPriority  stm32f1xx_hal_cortex.o
    0x08002550   0x08002550   0x00000024   Code   RO         1323    i.HAL_NVIC_SetPriorityGrouping  stm32f1xx_hal_cortex.o
    0x08002574   0x08002574   0x000000a4   Code   RO         1117    i.HAL_RCCEx_GetPeriphCLKFreq  stm32f1xx_hal_rcc_ex.o
    0x08002618   0x08002618   0x000000ec   Code   RO         1118    i.HAL_RCCEx_PeriphCLKConfig  stm32f1xx_hal_rcc_ex.o
    0x08002704   0x08002704   0x0000012c   Code   RO         1014    i.HAL_RCC_ClockConfig  stm32f1xx_hal_rcc.o
    0x08002830   0x08002830   0x00000020   Code   RO         1021    i.HAL_RCC_GetPCLK1Freq  stm32f1xx_hal_rcc.o
    0x08002850   0x08002850   0x00000020   Code   RO         1022    i.HAL_RCC_GetPCLK2Freq  stm32f1xx_hal_rcc.o
    0x08002870   0x08002870   0x0000004c   Code   RO         1023    i.HAL_RCC_GetSysClockFreq  stm32f1xx_hal_rcc.o
    0x080028bc   0x080028bc   0x00000320   Code   RO         1026    i.HAL_RCC_OscConfig  stm32f1xx_hal_rcc.o
    0x08002bdc   0x08002bdc   0x00000028   Code   RO         1327    i.HAL_SYSTICK_Config  stm32f1xx_hal_cortex.o
    0x08002c04   0x08002c04   0x00000054   Code   RO         2962    i.HAL_TIMEx_ConfigBreakDeadTime  stm32f1xx_hal_tim_ex.o
    0x08002c58   0x08002c58   0x00000068   Code   RO         2978    i.HAL_TIMEx_MasterConfigSynchronization  stm32f1xx_hal_tim_ex.o
    0x08002cc0   0x08002cc0   0x0000004c   Code   RO          328    i.HAL_TIM_MspPostInit  tim.o
    0x08002d0c   0x08002d0c   0x000000cc   Code   RO         2327    i.HAL_TIM_PWM_ConfigChannel  stm32f1xx_hal_tim.o
    0x08002dd8   0x08002dd8   0x0000005a   Code   RO         2330    i.HAL_TIM_PWM_Init  stm32f1xx_hal_tim.o
    0x08002e32   0x08002e32   0x00000002   PAD
    0x08002e34   0x08002e34   0x00000028   Code   RO          330    i.HAL_TIM_PWM_MspInit  tim.o
    0x08002e5c   0x08002e5c   0x0000009c   Code   RO         2335    i.HAL_TIM_PWM_Start  stm32f1xx_hal_tim.o
    0x08002ef8   0x08002ef8   0x00000064   Code   RO         3256    i.HAL_UART_Init     stm32f1xx_hal_uart.o
    0x08002f5c   0x08002f5c   0x00000070   Code   RO          377    i.HAL_UART_MspInit  usart.o
    0x08002fcc   0x08002fcc   0x00000002   Code   RO          424    i.HardFault_Handler  stm32f1xx_it.o
    0x08002fce   0x08002fce   0x0000002e   Code   RO         1870    i.I2C_IsAcknowledgeFailed  stm32f1xx_hal_i2c.o
    0x08002ffc   0x08002ffc   0x000000ec   Code   RO         1873    i.I2C_MasterRequestRead  stm32f1xx_hal_i2c.o
    0x080030e8   0x080030e8   0x0000009c   Code   RO         1874    i.I2C_MasterRequestWrite  stm32f1xx_hal_i2c.o
    0x08003184   0x08003184   0x00000056   Code   RO         1885    i.I2C_WaitOnBTFFlagUntilTimeout  stm32f1xx_hal_i2c.o
    0x080031da   0x080031da   0x00000002   PAD
    0x080031dc   0x080031dc   0x00000090   Code   RO         1886    i.I2C_WaitOnFlagUntilTimeout  stm32f1xx_hal_i2c.o
    0x0800326c   0x0800326c   0x000000bc   Code   RO         1887    i.I2C_WaitOnMasterAddressFlagUntilTimeout  stm32f1xx_hal_i2c.o
    0x08003328   0x08003328   0x00000070   Code   RO         1888    i.I2C_WaitOnRXNEFlagUntilTimeout  stm32f1xx_hal_i2c.o
    0x08003398   0x08003398   0x00000056   Code   RO         1889    i.I2C_WaitOnTXEFlagUntilTimeout  stm32f1xx_hal_i2c.o
    0x080033ee   0x080033ee   0x00000002   PAD
    0x080033f0   0x080033f0   0x00000018   Code   RO         3677    i.INA226_GetBusV    iic_ina226.o
    0x08003408   0x08003408   0x0000003c   Code   RO         3678    i.INA226_GetBusVReg  iic_ina226.o
    0x08003444   0x08003444   0x00000028   Code   RO         3679    i.INA226_SetCalibrationReg  iic_ina226.o
    0x0800346c   0x0800346c   0x00000028   Code   RO         3680    i.INA226_SetConfig  iic_ina226.o
    0x08003494   0x08003494   0x00000016   Code   RO         3681    i.INA226_init       iic_ina226.o
    0x080034aa   0x080034aa   0x00000002   PAD
    0x080034ac   0x080034ac   0x00000048   Code   RO         3724    i.LCD_Clear         spi_tft144.o
    0x080034f4   0x080034f4   0x0000002c   Code   RO         3725    i.LCD_DCET          spi_tft144.o
    0x08003520   0x08003520   0x0000007a   Code   RO         3839    i.LCD_DrawMatrixCode  spi_tft144_gui.o
    0x0800359a   0x0800359a   0x00000002   PAD
    0x0800359c   0x0800359c   0x00000018   Code   RO         3726    i.LCD_DrawPoint     spi_tft144.o
    0x080035b4   0x080035b4   0x0000001c   Code   RO         3846    i.LCD_GetPos_X      spi_tft144_gui.o
    0x080035d0   0x080035d0   0x00000018   Code   RO         3847    i.LCD_GetPos_Y      spi_tft144_gui.o
    0x080035e8   0x080035e8   0x00000244   Code   RO         3727    i.LCD_Init          spi_tft144.o
    0x0800382c   0x0800382c   0x0000005c   Code   RO         3849    i.LCD_ScanLine_Byte  spi_tft144_gui.o
    0x08003888   0x08003888   0x00000008   Code   RO         3728    i.LCD_SetCursor     spi_tft144.o
    0x08003890   0x08003890   0x0000006c   Code   RO         3729    i.LCD_SetWindows    spi_tft144.o
    0x080038fc   0x080038fc   0x0000008c   Code   RO         3850    i.LCD_ShowChar      spi_tft144_gui.o
    0x08003988   0x08003988   0x0000005e   Code   RO         3853    i.LCD_ShowString    spi_tft144_gui.o
    0x080039e6   0x080039e6   0x00000002   PAD
    0x080039e8   0x080039e8   0x00000038   Code   RO         3730    i.LCD_WR_DATA       spi_tft144.o
    0x08003a20   0x08003a20   0x00000038   Code   RO         3731    i.LCD_WR_REG        spi_tft144.o
    0x08003a58   0x08003a58   0x0000003c   Code   RO         3732    i.LCD_WriteData_16Bit  spi_tft144.o
    0x08003a94   0x08003a94   0x0000000c   Code   RO         3733    i.LCD_WriteRAM_Prepare  spi_tft144.o
    0x08003aa0   0x08003aa0   0x00000012   Code   RO         3734    i.LCD_WriteReg      spi_tft144.o
    0x08003ab2   0x08003ab2   0x00000002   PAD
    0x08003ab4   0x08003ab4   0x0000006c   Code   RO         3735    i.LCD_direction     spi_tft144.o
    0x08003b20   0x08003b20   0x00000084   Code   RO          222    i.MX_ADC1_Init      adc.o
    0x08003ba4   0x08003ba4   0x0000002c   Code   RO          262    i.MX_DMA_Init       dma.o
    0x08003bd0   0x08003bd0   0x00000070   Code   RO          196    i.MX_GPIO_Init      gpio.o
    0x08003c40   0x08003c40   0x00000040   Code   RO          288    i.MX_I2C1_Init      i2c.o
    0x08003c80   0x08003c80   0x000000b4   Code   RO          331    i.MX_TIM1_Init      tim.o
    0x08003d34   0x08003d34   0x00000038   Code   RO          378    i.MX_USART2_UART_Init  usart.o
    0x08003d6c   0x08003d6c   0x00000002   Code   RO          425    i.MemManage_Handler  stm32f1xx_it.o
    0x08003d6e   0x08003d6e   0x00000014   Code   RO         3855    i.My_Font_GetCodeSize_ASCII  spi_tft144_gui.o
    0x08003d82   0x08003d82   0x00000002   Code   RO          426    i.NMI_Handler       stm32f1xx_it.o
    0x08003d84   0x08003d84   0x00000002   Code   RO          427    i.PendSV_Handler    stm32f1xx_it.o
    0x08003d86   0x08003d86   0x00000002   PAD
    0x08003d88   0x08003d88   0x0000004c   Code   RO         3738    i.SPIv_WriteData    spi_tft144.o
    0x08003dd4   0x08003dd4   0x00000002   Code   RO          428    i.SVC_Handler       stm32f1xx_it.o
    0x08003dd6   0x08003dd6   0x00000004   Code   RO          429    i.SysTick_Handler   stm32f1xx_it.o
    0x08003dda   0x08003dda   0x00000078   Code   RO           14    i.SystemClock_Config  main.o
    0x08003e52   0x08003e52   0x00000002   Code   RO         3590    i.SystemInit        system_stm32f1xx.o
    0x08003e54   0x08003e54   0x0000006c   Code   RO         2348    i.TIM_Base_SetConfig  stm32f1xx_hal_tim.o
    0x08003ec0   0x08003ec0   0x0000001a   Code   RO         2349    i.TIM_CCxChannelCmd  stm32f1xx_hal_tim.o
    0x08003eda   0x08003eda   0x00000002   PAD
    0x08003edc   0x08003edc   0x00000050   Code   RO         2361    i.TIM_OC1_SetConfig  stm32f1xx_hal_tim.o
    0x08003f2c   0x08003f2c   0x00000058   Code   RO         2362    i.TIM_OC2_SetConfig  stm32f1xx_hal_tim.o
    0x08003f84   0x08003f84   0x00000058   Code   RO         2363    i.TIM_OC3_SetConfig  stm32f1xx_hal_tim.o
    0x08003fdc   0x08003fdc   0x00000044   Code   RO         2364    i.TIM_OC4_SetConfig  stm32f1xx_hal_tim.o
    0x08004020   0x08004020   0x000000b8   Code   RO         3282    i.UART_SetConfig    stm32f1xx_hal_uart.o
    0x080040d8   0x080040d8   0x00000002   Code   RO          430    i.UsageFault_Handler  stm32f1xx_it.o
    0x080040da   0x080040da   0x00000028   Code   RO         4177    i.__ARM_fpclassify  m_ws.l(fpclassify.o)
    0x08004102   0x08004102   0x00000020   Code   RO         1329    i.__NVIC_SetPriority  stm32f1xx_hal_cortex.o
    0x08004122   0x08004122   0x0000000e   Code   RO         4053    i._is_digit         c_w.l(__printf_wp.o)
    0x08004130   0x08004130   0x00000390   Code   RO           15    i.main              main.o
    0x080044c0   0x080044c0   0x00000064   Code   RO         3651    i.sg90_RotateAngle  tim_sg90.o
    0x08004524   0x08004524   0x0000002c   Code   RO         4173    locale$$code        c_w.l(lc_numeric_c.o)
    0x08004550   0x08004550   0x00000062   Code   RO         4074    x$fpl$d2f           fz_ws.l(d2f.o)
    0x080045b2   0x080045b2   0x00000002   PAD
    0x080045b4   0x080045b4   0x00000150   Code   RO         4076    x$fpl$dadd          fz_ws.l(daddsub_clz.o)
    0x08004704   0x08004704   0x000002b0   Code   RO         4083    x$fpl$ddiv          fz_ws.l(ddiv.o)
    0x080049b4   0x080049b4   0x0000009c   Code   RO         4112    x$fpl$dnaninf       fz_ws.l(dnaninf.o)
    0x08004a50   0x08004a50   0x0000000c   Code   RO         4114    x$fpl$dretinf       fz_ws.l(dretinf.o)
    0x08004a5c   0x08004a5c   0x000001d4   Code   RO         4078    x$fpl$dsub          fz_ws.l(daddsub_clz.o)
    0x08004c30   0x08004c30   0x00000056   Code   RO         4086    x$fpl$f2d           fz_ws.l(f2d.o)
    0x08004c86   0x08004c86   0x00000002   PAD
    0x08004c88   0x08004c88   0x00000036   Code   RO         4088    x$fpl$ffix          fz_ws.l(ffix.o)
    0x08004cbe   0x08004cbe   0x00000002   PAD
    0x08004cc0   0x08004cc0   0x00000026   Code   RO         4092    x$fpl$ffltu         fz_ws.l(fflt_clz.o)
    0x08004ce6   0x08004ce6   0x00000002   PAD
    0x08004ce8   0x08004ce8   0x00000102   Code   RO         4098    x$fpl$fmul          fz_ws.l(fmul.o)
    0x08004dea   0x08004dea   0x0000008c   Code   RO         4116    x$fpl$fnaninf       fz_ws.l(fnaninf.o)
    0x08004e76   0x08004e76   0x0000000a   Code   RO         4118    x$fpl$fretinf       fz_ws.l(fretinf.o)
    0x08004e80   0x08004e80   0x00000004   Code   RO         4100    x$fpl$printf1       fz_ws.l(printf1.o)
    0x08004e84   0x08004e84   0x00000000   Code   RO         4120    x$fpl$usenofp       fz_ws.l(usenofp.o)
    0x08004e84   0x08004e84   0x00000012   Data   RO         1027    .constdata          stm32f1xx_hal_rcc.o
    0x08004e96   0x08004e96   0x00000012   Data   RO         1119    .constdata          stm32f1xx_hal_rcc_ex.o
    0x08004ea8   0x08004ea8   0x00000010   Data   RO         3591    .constdata          system_stm32f1xx.o
    0x08004eb8   0x08004eb8   0x00000008   Data   RO         3592    .constdata          system_stm32f1xx.o
    0x08004ec0   0x08004ec0   0x000005f0   Data   RO         3859    .constdata          spi_tft144_gui.o
    0x080054b0   0x080054b0   0x00000011   Data   RO         4056    .constdata          c_w.l(__printf_flags_wp.o)
    0x080054c1   0x080054c1   0x00000003   PAD
    0x080054c4   0x080054c4   0x00000094   Data   RO         4148    .constdata          c_w.l(bigflt0.o)
    0x08005558   0x08005558   0x00000020   Data   RO         4320    Region$$Table       anon$$obj.o
    0x08005578   0x08005578   0x0000001c   Data   RO         4172    locale$$data        c_w.l(lc_numeric_c.o)


    Execution Region RW_IRAM1 (Exec base: 0x20000000, Load base: 0x08005594, Size: 0x00000818, Max: 0x00005000, ABSOLUTE)

    Exec Addr    Load Addr    Size         Type   Attr      Idx    E Section Name        Object

    0x20000000   0x08005594   0x00000018   Data   RW           18    .data               main.o
    0x20000018   0x080055ac   0x0000000c   Data   RW          864    .data               stm32f1xx_hal.o
    0x20000024   0x080055b8   0x00000004   Data   RW         3593    .data               system_stm32f1xx.o
    0x20000028   0x080055bc   0x00000008   Data   RW         3652    .data               tim_sg90.o
    0x20000030   0x080055c4   0x00000004   Data   RW         3740    .data               spi_tft144.o
    0x20000034        -       0x00000019   Zero   RW           16    .bss                main.o
    0x2000004d   0x080055c8   0x00000003   PAD
    0x20000050        -       0x00000074   Zero   RW          223    .bss                adc.o
    0x200000c4        -       0x00000054   Zero   RW          289    .bss                i2c.o
    0x20000118        -       0x00000048   Zero   RW          332    .bss                tim.o
    0x20000160        -       0x00000048   Zero   RW          380    .bss                usart.o
    0x200001a8        -       0x00000010   Zero   RW         3739    .bss                spi_tft144.o
    0x200001b8        -       0x00000060   Zero   RW         4180    .bss                c_w.l(libspace.o)
    0x20000218        -       0x00000200   Zero   RW            2    HEAP                startup_stm32f103xb.o
    0x20000418        -       0x00000400   Zero   RW            1    STACK               startup_stm32f103xb.o


==============================================================================

Image component sizes


      Code (inc. data)   RO Data    RW Data    ZI Data      Debug   Object Name

       276         30          0          0        116       1671   adc.o
       116         12          0          0          0        750   adc_sampling.o
        44          4          0          0          0        694   dma.o
       112          8          0          0          0        839   gpio.o
       176         30          0          0         84       1533   i2c.o
       186         20          0          0          0       4615   iic_ina226.o
      1036        142          0         24         25     457695   main.o
      1222         62          0          4         16       9496   spi_tft144.o
       520         30       1520          0          0       6119   spi_tft144_gui.o
        64         26        236          0       1536        780   startup_stm32f103xb.o
       164         28          0         12          0       5645   stm32f1xx_hal.o
      1312         54          0          0          0       6939   stm32f1xx_hal_adc.o
       216          6          0          0          0       1366   stm32f1xx_hal_adc_ex.o
       198         14          0          0          0      28751   stm32f1xx_hal_cortex.o
       432         32          0          0          0       1900   stm32f1xx_hal_dma.o
       490         34          0          0          0       2796   stm32f1xx_hal_gpio.o
      2338         54          0          0          0      12194   stm32f1xx_hal_i2c.o
        60          8          0          0          0        806   stm32f1xx_hal_msp.o
      1240         84         18          0          0       4920   stm32f1xx_hal_rcc.o
       400         28         18          0          0       2369   stm32f1xx_hal_rcc_ex.o
       908         46          0          0          0       7610   stm32f1xx_hal_tim.o
       188         12          0          0          0       2048   stm32f1xx_hal_tim_ex.o
       284          6          0          0          0       1832   stm32f1xx_hal_uart.o
        32          6          0          0          0       3993   stm32f1xx_it.o
         2          0         24          4          0       1023   system_stm32f1xx.o
       296         32          0          0         72       2135   tim.o
       100          8          0          8          0        815   tim_sg90.o
       168         22          0          0         72       1681   usart.o

    ----------------------------------------------------------------------
     12610        838       1848         52       1924     573015   Object Totals
         0          0         32          0          0          0   (incl. Generated)
        30          0          0          0          3          0   (incl. Padding)

    ----------------------------------------------------------------------

      Code (inc. data)   RO Data    RW Data    ZI Data      Debug   Library Member Name

         8          0          0          0          0         68   __main.o
       312          4         17          0          0         92   __printf_flags_wp.o
        14          0          0          0          0         68   __printf_wp.o
         0          0          0          0          0          0   __rtentry.o
        12          0          0          0          0          0   __rtentry2.o
         6          0          0          0          0          0   __rtentry4.o
        52          8          0          0          0          0   __scatter.o
        26          0          0          0          0          0   __scatter_copy.o
        28          0          0          0          0          0   __scatter_zi.o
        48          6          0          0          0         96   _printf_char_common.o
         6          0          0          0          0          0   _printf_d.o
       120         16          0          0          0         92   _printf_dec.o
         6          0          0          0          0          0   _printf_f.o
      1054          0          0          0          0        216   _printf_fp_dec.o
       128         16          0          0          0         84   _printf_fp_infnan.o
       178          0          0          0          0         88   _printf_intcommon.o
        78          0          0          0          0        108   _printf_pad.o
         0          0          0          0          0          0   _printf_percent.o
         4          0          0          0          0          0   _printf_percent_end.o
        10          0          0          0          0         68   _sputc.o
       228          4        148          0          0         96   bigflt0.o
      1936        128          0          0          0        672   btod.o
        18          0          0          0          0         80   exit.o
         6          0          0          0          0        152   heapauxi.o
         0          0          0          0          0          0   indicate_semi.o
        44         10         28          0          0         76   lc_numeric_c.o
         2          0          0          0          0          0   libinit.o
        18          0          0          0          0          0   libinit2.o
         2          0          0          0          0          0   libshutdown.o
         2          0          0          0          0          0   libshutdown2.o
         8          4          0          0         96         68   libspace.o
       138          0          0          0          0         80   lludiv10.o
        40          6          0          0          0         84   noretval__2sprintf.o
         8          4          0          0          0         68   rt_locale_intlibspace.o
        78          0          0          0          0         80   rt_memclr_w.o
         2          0          0          0          0          0   rtexit.o
        10          0          0          0          0          0   rtexit2.o
       128          0          0          0          0         68   strcmpv7m.o
        12          4          0          0          0         68   sys_exit.o
        74          0          0          0          0         80   sys_stackheap_outer.o
         2          0          0          0          0         68   use_no_semi.o
        98          4          0          0          0         92   d2f.o
       804         16          0          0          0        272   daddsub_clz.o
       688        140          0          0          0        208   ddiv.o
       156          4          0          0          0         92   dnaninf.o
        12          0          0          0          0         68   dretinf.o
        86          4          0          0          0         84   f2d.o
        54          4          0          0          0         84   ffix.o
        38          0          0          0          0         68   fflt_clz.o
       258          4          0          0          0         84   fmul.o
       140          4          0          0          0         84   fnaninf.o
        10          0          0          0          0         68   fretinf.o
         4          0          0          0          0         68   printf1.o
         0          0          0          0          0          0   usenofp.o
        40          0          0          0          0         68   fpclassify.o

    ----------------------------------------------------------------------
      7254        390        196          0         96       4060   Library Totals
        20          0          3          0          0          0   (incl. Padding)

    ----------------------------------------------------------------------

      Code (inc. data)   RO Data    RW Data    ZI Data      Debug   Library Name

      4846        210        193          0         96       2720   c_w.l
      2348        180          0          0          0       1272   fz_ws.l
        40          0          0          0          0         68   m_ws.l

    ----------------------------------------------------------------------
      7254        390        196          0         96       4060   Library Totals

    ----------------------------------------------------------------------

==============================================================================


      Code (inc. data)   RO Data    RW Data    ZI Data      Debug   

     19864       1228       2044         52       2020     569635   Grand Totals
     19864       1228       2044         52       2020     569635   ELF Image Totals
     19864       1228       2044         52          0          0   ROM Totals

==============================================================================

    Total RO  Size (Code + RO Data)                21908 (  21.39kB)
    Total RW  Size (RW Data + ZI Data)              2072 (   2.02kB)
    Total ROM Size (Code + RO Data + RW Data)      21960 (  21.45kB)

==============================================================================

